Component: ARM Compiler 5.06 update 7 (build 960) Tool: armlink [4d3601]

==============================================================================

Section Cross References

    startup_stm32f40_41xxx.o(STACK) refers (Special) to heapauxi.o(.text) for __use_two_region_memory
    startup_stm32f40_41xxx.o(HEAP) refers (Special) to heapauxi.o(.text) for __use_two_region_memory
    startup_stm32f40_41xxx.o(RESET) refers (Special) to heapauxi.o(.text) for __use_two_region_memory
    startup_stm32f40_41xxx.o(RESET) refers to startup_stm32f40_41xxx.o(STACK) for __initial_sp
    startup_stm32f40_41xxx.o(RESET) refers to startup_stm32f40_41xxx.o(.text) for Reset_Handler
    startup_stm32f40_41xxx.o(RESET) refers to stm32f4xx_it.o(i.NMI_Handler) for NMI_Handler
    startup_stm32f40_41xxx.o(RESET) refers to stm32f4xx_it.o(i.HardFault_Handler) for HardFault_Handler
    startup_stm32f40_41xxx.o(RESET) refers to stm32f4xx_it.o(i.MemManage_Handler) for MemManage_Handler
    startup_stm32f40_41xxx.o(RESET) refers to stm32f4xx_it.o(i.BusFault_Handler) for BusFault_Handler
    startup_stm32f40_41xxx.o(RESET) refers to stm32f4xx_it.o(i.UsageFault_Handler) for UsageFault_Handler
    startup_stm32f40_41xxx.o(RESET) refers to stm32f4xx_it.o(i.SVC_Handler) for SVC_Handler
    startup_stm32f40_41xxx.o(RESET) refers to stm32f4xx_it.o(i.DebugMon_Handler) for DebugMon_Handler
    startup_stm32f40_41xxx.o(RESET) refers to stm32f4xx_it.o(i.PendSV_Handler) for PendSV_Handler
    startup_stm32f40_41xxx.o(RESET) refers to task_start.o(i.SysTick_Handler) for SysTick_Handler
    startup_stm32f40_41xxx.o(RESET) refers to k230.o(i.USART2_IRQHandler) for USART2_IRQHandler
    startup_stm32f40_41xxx.o(RESET) refers to mc.o(i.USART3_IRQHandler) for USART3_IRQHandler
    startup_stm32f40_41xxx.o(RESET) refers to hwt101.o(i.UART4_IRQHandler) for UART4_IRQHandler
    startup_stm32f40_41xxx.o(RESET) refers to saom.o(i.USART6_IRQHandler) for USART6_IRQHandler
    startup_stm32f40_41xxx.o(.text) refers (Special) to heapauxi.o(.text) for __use_two_region_memory
    startup_stm32f40_41xxx.o(.text) refers to system_stm32f4xx.o(i.SystemInit) for SystemInit
    startup_stm32f40_41xxx.o(.text) refers to __main.o(!!!main) for __main
    startup_stm32f40_41xxx.o(.text) refers to startup_stm32f40_41xxx.o(HEAP) for Heap_Mem
    startup_stm32f40_41xxx.o(.text) refers to startup_stm32f40_41xxx.o(STACK) for Stack_Mem
    stm32f4xx_adc.o(i.ADC_DeInit) refers to stm32f4xx_rcc.o(i.RCC_APB2PeriphResetCmd) for RCC_APB2PeriphResetCmd
    stm32f4xx_can.o(i.CAN_DeInit) refers to stm32f4xx_rcc.o(i.RCC_APB1PeriphResetCmd) for RCC_APB1PeriphResetCmd
    stm32f4xx_can.o(i.CAN_GetITStatus) refers to stm32f4xx_can.o(i.CheckITStatus) for CheckITStatus
    stm32f4xx_cryp.o(i.CRYP_DeInit) refers to stm32f4xx_rcc.o(i.RCC_AHB2PeriphResetCmd) for RCC_AHB2PeriphResetCmd
    stm32f4xx_cryp_aes.o(i.CRYP_AES_CBC) refers to stm32f4xx_cryp.o(i.CRYP_KeyStructInit) for CRYP_KeyStructInit
    stm32f4xx_cryp_aes.o(i.CRYP_AES_CBC) refers to stm32f4xx_cryp.o(i.CRYP_FIFOFlush) for CRYP_FIFOFlush
    stm32f4xx_cryp_aes.o(i.CRYP_AES_CBC) refers to stm32f4xx_cryp.o(i.CRYP_Init) for CRYP_Init
    stm32f4xx_cryp_aes.o(i.CRYP_AES_CBC) refers to stm32f4xx_cryp.o(i.CRYP_KeyInit) for CRYP_KeyInit
    stm32f4xx_cryp_aes.o(i.CRYP_AES_CBC) refers to stm32f4xx_cryp.o(i.CRYP_Cmd) for CRYP_Cmd
    stm32f4xx_cryp_aes.o(i.CRYP_AES_CBC) refers to stm32f4xx_cryp.o(i.CRYP_GetFlagStatus) for CRYP_GetFlagStatus
    stm32f4xx_cryp_aes.o(i.CRYP_AES_CBC) refers to stm32f4xx_cryp.o(i.CRYP_IVInit) for CRYP_IVInit
    stm32f4xx_cryp_aes.o(i.CRYP_AES_CBC) refers to stm32f4xx_cryp.o(i.CRYP_GetCmdStatus) for CRYP_GetCmdStatus
    stm32f4xx_cryp_aes.o(i.CRYP_AES_CBC) refers to stm32f4xx_cryp.o(i.CRYP_DataIn) for CRYP_DataIn
    stm32f4xx_cryp_aes.o(i.CRYP_AES_CBC) refers to stm32f4xx_cryp.o(i.CRYP_DataOut) for CRYP_DataOut
    stm32f4xx_cryp_aes.o(i.CRYP_AES_CCM) refers to stm32f4xx_cryp.o(i.CRYP_KeyStructInit) for CRYP_KeyStructInit
    stm32f4xx_cryp_aes.o(i.CRYP_AES_CCM) refers to stm32f4xx_cryp.o(i.CRYP_FIFOFlush) for CRYP_FIFOFlush
    stm32f4xx_cryp_aes.o(i.CRYP_AES_CCM) refers to stm32f4xx_cryp.o(i.CRYP_KeyInit) for CRYP_KeyInit
    stm32f4xx_cryp_aes.o(i.CRYP_AES_CCM) refers to stm32f4xx_cryp.o(i.CRYP_IVInit) for CRYP_IVInit
    stm32f4xx_cryp_aes.o(i.CRYP_AES_CCM) refers to stm32f4xx_cryp.o(i.CRYP_Init) for CRYP_Init
    stm32f4xx_cryp_aes.o(i.CRYP_AES_CCM) refers to stm32f4xx_cryp.o(i.CRYP_PhaseConfig) for CRYP_PhaseConfig
    stm32f4xx_cryp_aes.o(i.CRYP_AES_CCM) refers to stm32f4xx_cryp.o(i.CRYP_DataIn) for CRYP_DataIn
    stm32f4xx_cryp_aes.o(i.CRYP_AES_CCM) refers to stm32f4xx_cryp.o(i.CRYP_Cmd) for CRYP_Cmd
    stm32f4xx_cryp_aes.o(i.CRYP_AES_CCM) refers to stm32f4xx_cryp.o(i.CRYP_GetCmdStatus) for CRYP_GetCmdStatus
    stm32f4xx_cryp_aes.o(i.CRYP_AES_CCM) refers to stm32f4xx_cryp.o(i.CRYP_GetFlagStatus) for CRYP_GetFlagStatus
[...]
    x$fpl$dmul                               0x08008964   Section      340  dmul.o(x$fpl$dmul)
    $v0                                      0x08008964   Number         0  dmul.o(x$fpl$dmul)
    x$fpl$dnaninf                            0x08008ab8   Section      156  dnaninf.o(x$fpl$dnaninf)
    $v0                                      0x08008ab8   Number         0  dnaninf.o(x$fpl$dnaninf)
    x$fpl$dretinf                            0x08008b54   Section       12  dretinf.o(x$fpl$dretinf)
    $v0                                      0x08008b54   Number         0  dretinf.o(x$fpl$dretinf)
    x$fpl$dsub                               0x08008b60   Section      468  daddsub_clz.o(x$fpl$dsub)
    $v0                                      0x08008b60   Number         0  daddsub_clz.o(x$fpl$dsub)
    _dsub1                                   0x08008b71   Thumb Code     0  daddsub_clz.o(x$fpl$dsub)
    x$fpl$fpinit                             0x08008d34   Section       10  fpinit.o(x$fpl$fpinit)
    $v0                                      0x08008d34   Number         0  fpinit.o(x$fpl$fpinit)
    x$fpl$fretinf                            0x08008d3e   Section       10  fretinf.o(x$fpl$fretinf)
    $v0                                      0x08008d3e   Number         0  fretinf.o(x$fpl$fretinf)
    .constdata                               0x08008d48   Section        9  saom.o(.constdata)
    x$fpl$usenofp                            0x08008d48   Section        0  usenofp.o(x$fpl$usenofp)
    triggerCmd                               0x08008d48   Data           9  saom.o(.constdata)
    .constdata                               0x08008d54   Section       64  task.o(.constdata)
    .constdata                               0x08008d94   Section      612  control.o(.constdata)
    seq                                      0x08008d94   Data          36  control.o(.constdata)
    seq                                      0x08008db8   Data          36  control.o(.constdata)
    seq                                      0x08008ddc   Data         108  control.o(.constdata)
    seq                                      0x08008e48   Data          72  control.o(.constdata)
    seq                                      0x08008e90   Data          72  control.o(.constdata)
    seq                                      0x08008ed8   Data         108  control.o(.constdata)
    seq                                      0x08008f44   Data          72  control.o(.constdata)
    seq                                      0x08008f8c   Data         108  control.o(.constdata)
    .constdata                               0x08008ff8   Section    33530  lcd.o(.constdata)
    .constdata                               0x080112f2   Section       17  __printf_flags_ss_wp.o(.constdata)
    maptable                                 0x080112f2   Data          17  __printf_flags_ss_wp.o(.constdata)
    .constdata                               0x08011304   Section       32  rredf.o(.constdata)
    twooverpi                                0x08011304   Data          32  rredf.o(.constdata)
    locale$$data                             0x08011344   Section      272  lc_ctype_c.o(locale$$data)
    __lcctype_c_name                         0x08011348   Data           2  lc_ctype_c.o(locale$$data)
    __lcctype_c_start                        0x08011350   Data           0  lc_ctype_c.o(locale$$data)
    __lcctype_c_end                          0x08011454   Data           0  lc_ctype_c.o(locale$$data)
    .data                                    0x20000000   Section       16  stm32f4xx_rcc.o(.data)
    APBAHBPrescTable                         0x20000000   Data          16  stm32f4xx_rcc.o(.data)
    .data                                    0x20000010   Section       28  hwt101.o(.data)
    RxState                                  0x20000025   Data           1  hwt101.o(.data)
    DataType                                 0x20000026   Data           1  hwt101.o(.data)
    pRxPacket                                0x20000028   Data           4  hwt101.o(.data)
    .data                                    0x2000002c   Section       68  k230.o(.data)
    RxState                                  0x20000031   Data           1  k230.o(.data)
    pRxPacket                                0x20000032   Data           1  k230.o(.data)
    rx_buffer                                0x20000033   Data           7  k230.o(.data)
    buf                                      0x2000003a   Data           3  k230.o(.data)
    vx_integrate                             0x20000040   Data           4  k230.o(.data)
    vx_last_error                            0x20000044   Data           4  k230.o(.data)
    vy_integrate                             0x20000048   Data           4  k230.o(.data)
    vy_last_error                            0x2000004c   Data           4  k230.o(.data)
    wt_angle_integrate                       0x20000050   Data           4  k230.o(.data)
    wt_angle_last_error                      0x20000054   Data           4  k230.o(.data)
    vx_integrate                             0x20000058   Data           4  k230.o(.data)
    vx_last_error                            0x2000005c   Data           4  k230.o(.data)
    vy_integrate                             0x20000060   Data           4  k230.o(.data)
    vy_last_error                            0x20000064   Data           4  k230.o(.data)
    wt_angle_integrate                       0x20000068   Data           4  k230.o(.data)
    wt_angle_last_error                      0x2000006c   Data           4  k230.o(.data)
    .data                                    0x20000070   Section      100  mc.o(.data)
    sc_t_start                               0x20000070   Data           4  mc.o(.data)
    t_acc_val                                0x20000074   Data           4  mc.o(.data)
    t_cru_val                                0x20000078   Data           4  mc.o(.data)
    t_dec_val                                0x2000007c   Data           4  mc.o(.data)
    sc_vx1                                   0x20000080   Data           4  mc.o(.data)
    sc_vy1                                   0x20000084   Data           4  mc.o(.data)
    sc_vx2                                   0x20000088   Data           4  mc.o(.data)
    sc_vy2                                   0x2000008c   Data           4  mc.o(.data)
    turn_stable_cnt                          0x20000094   Data           1  mc.o(.data)
    RxState                                  0x200000b0   Data           1  mc.o(.data)
    GongNeng_ma                              0x200000b1   Data           1  mc.o(.data)
    pRxPacket                                0x200000b2   Data           1  mc.o(.data)
    cmd                                      0x200000b3   Data           8  mc.o(.data)
    cmd                                      0x200000bb   Data           8  mc.o(.data)
    cmd                                      0x200000c3   Data           8  mc.o(.data)
    cmd                                      0x200000cb   Data           8  mc.o(.data)
    number                                   0x200000d3   Data           1  mc.o(.data)
    .data                                    0x200000d4   Section       41  saom.o(.data)
    gm65_ignore_rx_count                     0x200000fc   Data           1  saom.o(.data)
    .data                                    0x200000fd   Section        1  task_start.o(.data)
    div10                                    0x200000fd   Data           1  task_start.o(.data)
    .data                                    0x20000100   Section       81  control.o(.data)
    buf1                                     0x20000126   Data           3  control.o(.data)
    buf2                                     0x20000129   Data           1  control.o(.data)
    buf3                                     0x2000012a   Data           3  control.o(.data)
    S_Task_State_Number                      0x20000134   Data           1  control.o(.data)
    Continue_Flag                            0x20000135   Data           1  control.o(.data)
    S_Task_State_Number                      0x20000136   Data           1  control.o(.data)
    Continue_Flag                            0x20000137   Data           1  control.o(.data)
    S_Task_State_Number                      0x20000138   Data           1  control.o(.data)
    Continue_Flag                            0x20000139   Data           1  control.o(.data)
    S_Task_State_Number                      0x2000013a   Data           1  control.o(.data)
    Continue_Flag                            0x2000013b   Data           1  control.o(.data)
    S_Task_State_Number                      0x2000013c   Data           1  control.o(.data)
    Continue_Flag                            0x2000013d   Data           1  control.o(.data)
    S_Task_State_Number                      0x2000013e   Data           1  control.o(.data)
    Continue_Flag                            0x2000013f   Data           1  control.o(.data)
    S_Task_State_Number                      0x20000140   Data           1  control.o(.data)
    Continue_Flag                            0x20000141   Data           1  control.o(.data)
    S_Task_State_Number                      0x20000142   Data           1  control.o(.data)
    Continue_Flag                            0x20000143   Data           1  control.o(.data)
    cnt                                      0x20000144   Data           1  control.o(.data)
    cnt                                      0x20000145   Data           1  control.o(.data)
    inited                                   0x20000146   Data           1  control.o(.data)
    cnt                                      0x20000147   Data           1  control.o(.data)
    inited                                   0x20000148   Data           1  control.o(.data)
    cnt                                      0x20000149   Data           1  control.o(.data)
    inited                                   0x2000014a   Data           1  control.o(.data)
    cnt                                      0x2000014b   Data           1  control.o(.data)
    inited                                   0x2000014c   Data           1  control.o(.data)
    cnt                                      0x2000014d   Data           1  control.o(.data)
    inited                                   0x2000014e   Data           1  control.o(.data)
    cnt                                      0x2000014f   Data           1  control.o(.data)
    inited                                   0x20000150   Data           1  control.o(.data)
    .bss                                     0x20000154   Section      148  hwt101.o(.bss)
    .bss                                     0x200001e8   Section      144  k230.o(.bss)
    buf                                      0x20000268   Data          16  k230.o(.bss)
    .bss                                     0x20000278   Section      208  mc.o(.bss)
    LingShi_Buffer                           0x20000318   Data          16  mc.o(.bss)
    cmd                                      0x20000328   Data          16  mc.o(.bss)
    cmd                                      0x20000338   Data          16  mc.o(.bss)
    .bss                                     0x20000348   Section       96  saom.o(.bss)
    .bss                                     0x200003a8   Section       24  task_start.o(.bss)
    .bss                                     0x200003c0   Section       60  servo.o(.bss)
    .bss                                     0x200003fc   Section       96  libspace.o(.bss)
    HEAP                                     0x20000460   Section      512  startup_stm32f40_41xxx.o(HEAP)
    Heap_Mem                                 0x20000460   Data         512  startup_stm32f40_41xxx.o(HEAP)
    STACK                                    0x20000660   Section     1024  startup_stm32f40_41xxx.o(STACK)
    Stack_Mem                                0x20000660   Data        1024  startup_stm32f40_41xxx.o(STACK)
    __initial_sp                             0x20000a60   Data           0  startup_stm32f40_41xxx.o(STACK)

    Global Symbols

    Symbol Name                              Value     Ov Type        Size  Object(Section)

    BuildAttributes$$THM_ISAv4$E$P$D$K$B$S$7EM$VFPi3$EXTD16$VFPS$VFMA$PE$A:L22UL41UL21$X:L11$S22US41US21$IEEE1$IW$USESV6$~STKCKD$USESV7$~SHL$OTIME$ROPI$IEEEX$EBA8$UX$STANDARDLIB$REQ8$PRES8$EABIv2 0x00000000   Number         0  anon$$obj.o ABSOLUTE
    __ARM_use_no_argv                        0x00000000   Number         0  main.o ABSOLUTE
    _printf_flags                            0x00000000   Number         0  printf_stubs.o ABSOLUTE
    _printf_return_value                     0x00000000   Number         0  printf_stubs.o ABSOLUTE
    _printf_sizespec                         0x00000000   Number         0  printf_stubs.o ABSOLUTE
    _printf_widthprec                        0x00000000   Number         0  printf_stubs.o ABSOLUTE
    __ARM_exceptions_init                     - Undefined Weak Reference
    __alloca_initialize                       - Undefined Weak Reference
    __arm_fini_                               - Undefined Weak Reference
    __arm_preinit_                            - Undefined Weak Reference
    __cpp_initialize__aeabi_                  - Undefined Weak Reference
    __cxa_finalize                            - Undefined Weak Reference
    __sigvec_lookup                           - Undefined Weak Reference
    _atexit_init                              - Undefined Weak Reference
    _call_atexit_fns                          - Undefined Weak Reference
    _clock_init                               - Undefined Weak Reference
    _fp_trap_init                             - Undefined Weak Reference
    _fp_trap_shutdown                         - Undefined Weak Reference
    _get_lc_collate                           - Undefined Weak Reference
    _get_lc_monetary                          - Undefined Weak Reference
    _get_lc_time                              - Undefined Weak Reference
    _getenv_init                              - Undefined Weak Reference
    _handle_redirection                       - Undefined Weak Reference
    _init_alloc                               - Undefined Weak Reference
    _init_user_alloc                          - Undefined Weak Reference
    _initio                                   - Undefined Weak Reference
    _printf_mbtowc                            - Undefined Weak Reference
    _printf_wc                                - Undefined Weak Reference
    _rand_init                                - Undefined Weak Reference
    _signal_finish                            - Undefined Weak Reference
    _signal_init                              - Undefined Weak Reference
    _terminate_alloc                          - Undefined Weak Reference
    _terminate_user_alloc                     - Undefined Weak Reference
    _terminateio                              - Undefined Weak Reference
    __Vectors_Size                           0x00000188   Number         0  startup_stm32f40_41xxx.o ABSOLUTE
    __Vectors                                0x08000000   Data           4  startup_stm32f40_41xxx.o(RESET)
    __Vectors_End                            0x08000188   Data           0  startup_stm32f40_41xxx.o(RESET)
    __main                                   0x08000189   Thumb Code     8  __main.o(!!!main)
    __scatterload                            0x08000191   Thumb Code     0  __scatter.o(!!!scatter)
    __scatterload_rt2                        0x08000191   Thumb Code    44  __scatter.o(!!!scatter)
    __scatterload_rt2_thumb_only             0x08000191   Thumb Code     0  __scatter.o(!!!scatter)
    __scatterload_null                       0x0800019f   Thumb Code     0  __scatter.o(!!!scatter)
    __decompress                             0x080001c5   Thumb Code    90  __dczerorl2.o(!!dczerorl2)
    __decompress1                            0x080001c5   Thumb Code     0  __dczerorl2.o(!!dczerorl2)
    __scatterload_zeroinit                   0x08000221   Thumb Code    28  __scatter_zi.o(!!handler_zi)
    _printf_d                                0x0800023d   Thumb Code     0  _printf_d.o(.ARM.Collect$$_printf_percent$$00000009)
    _printf_percent                          0x0800023d   Thumb Code     0  _printf_percent.o(.ARM.Collect$$_printf_percent$$00000000)
    _printf_s                                0x08000243   Thumb Code     0  _printf_s.o(.ARM.Collect$$_printf_percent$$00000014)
    _printf_percent_end                      0x08000249   Thumb Code     0  _printf_percent_end.o(.ARM.Collect$$_printf_percent$$00000017)
    __rt_lib_init                            0x0800024d   Thumb Code     0  libinit.o(.ARM.Collect$$libinit$$00000000)
    __rt_lib_init_fp_1                       0x0800024f   Thumb Code     0  libinit2.o(.ARM.Collect$$libinit$$00000001)
    __rt_lib_init_heap_1                     0x08000253   Thumb Code     0  libinit2.o(.ARM.Collect$$libinit$$0000000A)
    __rt_lib_init_lc_common                  0x08000253   Thumb Code     0  libinit2.o(.ARM.Collect$$libinit$$0000000F)
    __rt_lib_init_preinit_1                  0x08000253   Thumb Code     0  libinit2.o(.ARM.Collect$$libinit$$00000004)
    __rt_lib_init_rand_1                     0x08000253   Thumb Code     0  libinit2.o(.ARM.Collect$$libinit$$0000000E)
    __rt_lib_init_user_alloc_1               0x08000253   Thumb Code     0  libinit2.o(.ARM.Collect$$libinit$$0000000C)
    __rt_lib_init_lc_collate_1               0x08000259   Thumb Code     0  libinit2.o(.ARM.Collect$$libinit$$00000011)
    __rt_lib_init_lc_ctype_2                 0x08000259   Thumb Code     0  libinit2.o(.ARM.Collect$$libinit$$00000012)
    __rt_lib_init_alloca_1                   0x08000265   Thumb Code     0  libinit2.o(.ARM.Collect$$libinit$$0000002E)
    __rt_lib_init_argv_1                     0x08000265   Thumb Code     0  libinit2.o(.ARM.Collect$$libinit$$0000002C)
    __rt_lib_init_atexit_1                   0x08000265   Thumb Code     0  libinit2.o(.ARM.Collect$$libinit$$0000001B)
    __rt_lib_init_clock_1                    0x08000265   Thumb Code     0  libinit2.o(.ARM.Collect$$libinit$$00000021)
    __rt_lib_init_cpp_1                      0x08000265   Thumb Code     0  libinit2.o(.ARM.Collect$$libinit$$00000032)
    __rt_lib_init_exceptions_1               0x08000265   Thumb Code     0  libinit2.o(.ARM.Collect$$libinit$$00000030)
    __rt_lib_init_fp_trap_1                  0x08000265   Thumb Code     0  libinit2.o(.ARM.Collect$$libinit$$0000001F)
    __rt_lib_init_getenv_1                   0x08000265   Thumb Code     0  libinit2.o(.ARM.Collect$$libinit$$00000023)
    __rt_lib_init_lc_ctype_1                 0x08000265   Thumb Code     0  libinit2.o(.ARM.Collect$$libinit$$00000013)
    __rt_lib_init_lc_monetary_1              0x08000265   Thumb Code     0  libinit2.o(.ARM.Collect$$libinit$$00000015)
    __rt_lib_init_lc_numeric_1               0x08000265   Thumb Code     0  libinit2.o(.ARM.Collect$$libinit$$00000017)
    __rt_lib_init_lc_time_1                  0x08000265   Thumb Code     0  libinit2.o(.ARM.Collect$$libinit$$00000019)
    __rt_lib_init_return                     0x08000265   Thumb Code     0  libinit2.o(.ARM.Collect$$libinit$$00000033)
    __rt_lib_init_signal_1                   0x08000265   Thumb Code     0  libinit2.o(.ARM.Collect$$libinit$$0000001D)
    __rt_lib_init_stdio_1                    0x08000265   Thumb Code     0  libinit2.o(.ARM.Collect$$libinit$$00000025)
    __rt_lib_shutdown                        0x08000267   Thumb Code     0  libshutdown.o(.ARM.Collect$$libshutdown$$00000000)
    __rt_lib_shutdown_cpp_1                  0x08000269   Thumb Code     0  libshutdown2.o(.ARM.Collect$$libshutdown$$00000004)
    __rt_lib_shutdown_fini_1                 0x08000269   Thumb Code     0  libshutdown2.o(.ARM.Collect$$libshutdown$$00000002)
    __rt_lib_shutdown_fp_trap_1              0x08000269   Thumb Code     0  libshutdown2.o(.ARM.Collect$$libshutdown$$00000009)
    __rt_lib_shutdown_heap_1                 0x08000269   Thumb Code     0  libshutdown2.o(.ARM.Collect$$libshutdown$$00000011)
    __rt_lib_shutdown_return                 0x08000269   Thumb Code     0  libshutdown2.o(.ARM.Collect$$libshutdown$$00000012)
    __rt_lib_shutdown_signal_1               0x08000269   Thumb Code     0  libshutdown2.o(.ARM.Collect$$libshutdown$$0000000C)
    __rt_lib_shutdown_stdio_1                0x08000269   Thumb Code     0  libshutdown2.o(.ARM.Collect$$libshutdown$$00000006)
    __rt_lib_shutdown_user_alloc_1           0x08000269   Thumb Code     0  libshutdown2.o(.ARM.Collect$$libshutdown$$0000000E)
    __rt_entry                               0x0800026b   Thumb Code     0  __rtentry.o(.ARM.Collect$$rtentry$$00000000)
    __rt_entry_presh_1                       0x0800026b   Thumb Code     0  __rtentry2.o(.ARM.Collect$$rtentry$$00000002)
    __rt_entry_sh                            0x0800026b   Thumb Code     0  __rtentry4.o(.ARM.Collect$$rtentry$$00000004)
    __rt_entry_li                            0x08000271   Thumb Code     0  __rtentry2.o(.ARM.Collect$$rtentry$$0000000A)
    __rt_entry_postsh_1                      0x08000271   Thumb Code     0  __rtentry2.o(.ARM.Collect$$rtentry$$00000009)
    __rt_entry_main                          0x08000275   Thumb Code     0  __rtentry2.o(.ARM.Collect$$rtentry$$0000000D)
    __rt_entry_postli_1                      0x08000275   Thumb Code     0  __rtentry2.o(.ARM.Collect$$rtentry$$0000000C)
    __rt_exit                                0x0800027d   Thumb Code     0  rtexit.o(.ARM.Collect$$rtexit$$00000000)
    __rt_exit_ls                             0x0800027f   Thumb Code     0  rtexit2.o(.ARM.Collect$$rtexit$$00000003)
    __rt_exit_prels_1                        0x0800027f   Thumb Code     0  rtexit2.o(.ARM.Collect$$rtexit$$00000002)
    __rt_exit_exit                           0x08000283   Thumb Code     0  rtexit2.o(.ARM.Collect$$rtexit$$00000004)
    Reset_Handler                            0x08000289   Thumb Code     8  startup_stm32f40_41xxx.o(.text)
    ADC_IRQHandler                           0x080002a3   Thumb Code     0  startup_stm32f40_41xxx.o(.text)
    CAN1_RX0_IRQHandler                      0x080002a3   Thumb Code     0  startup_stm32f40_41xxx.o(.text)
    CAN1_RX1_IRQHandler                      0x080002a3   Thumb Code     0  startup_stm32f40_41xxx.o(.text)
    CAN1_SCE_IRQHandler                      0x080002a3   Thumb Code     0  startup_stm32f40_41xxx.o(.text)
    CAN1_TX_IRQHandler                       0x080002a3   Thumb Code     0  startup_stm32f40_41xxx.o(.text)
    CAN2_RX0_IRQHandler                      0x080002a3   Thumb Code     0  startup_stm32f40_41xxx.o(.text)
    CAN2_RX1_IRQHandler                      0x080002a3   Thumb Code     0  startup_stm32f40_41xxx.o(.text)
    CAN2_SCE_IRQHandler                      0x080002a3   Thumb Code     0  startup_stm32f40_41xxx.o(.text)
    CAN2_TX_IRQHandler                       0x080002a3   Thumb Code     0  startup_stm32f40_41xxx.o(.text)
    CRYP_IRQHandler                          0x080002a3   Thumb Code     0  startup_stm32f40_41xxx.o(.text)
    DCMI_IRQHandler                          0x080002a3   Thumb Code     0  startup_stm32f40_41xxx.o(.text)
    DMA1_Stream0_IRQHandler                  0x080002a3   Thumb Code     0  startup_stm32f40_41xxx.o(.text)
    DMA1_Stream1_IRQHandler                  0x080002a3   Thumb Code     0  startup_stm32f40_41xxx.o(.text)
    DMA1_Stream2_IRQHandler                  0x080002a3   Thumb Code     0  startup_stm32f40_41xxx.o(.text)
    DMA1_Stream3_IRQHandler                  0x080002a3   Thumb Code     0  startup_stm32f40_41xxx.o(.text)
    DMA1_Stream4_IRQHandler                  0x080002a3   Thumb Code     0  startup_stm32f40_41xxx.o(.text)
    DMA1_Stream5_IRQHandler                  0x080002a3   Thumb Code     0  startup_stm32f40_41xxx.o(.text)
    DMA1_Stream6_IRQHandler                  0x080002a3   Thumb Code     0  startup_stm32f40_41xxx.o(.text)
    DMA1_Stream7_IRQHandler                  0x080002a3   Thumb Code     0  startup_stm32f40_41xxx.o(.text)
    DMA2_Stream0_IRQHandler                  0x080002a3   Thumb Code     0  startup_stm32f40_41xxx.o(.text)
    DMA2_Stream1_IRQHandler                  0x080002a3   Thumb Code     0  startup_stm32f40_41xxx.o(.text)
    DMA2_Stream2_IRQHandler                  0x080002a3   Thumb Code     0  startup_stm32f40_41xxx.o(.text)
    DMA2_Stream3_IRQHandler                  0x080002a3   Thumb Code     0  startup_stm32f40_41xxx.o(.text)
    DMA2_Stream4_IRQHandler                  0x080002a3   Thumb Code     0  startup_stm32f40_41xxx.o(.text)
    DMA2_Stream5_IRQHandler                  0x080002a3   Thumb Code     0  startup_stm32f40_41xxx.o(.text)
    DMA2_Stream6_IRQHandler                  0x080002a3   Thumb Code     0  startup_stm32f40_41xxx.o(.text)
    DMA2_Stream7_IRQHandler                  0x080002a3   Thumb Code     0  startup_stm32f40_41xxx.o(.text)
    ETH_IRQHandler                           0x080002a3   Thumb Code     0  startup_stm32f40_41xxx.o(.text)
    ETH_WKUP_IRQHandler                      0x080002a3   Thumb Code     0  startup_stm32f40_41xxx.o(.text)
    EXTI0_IRQHandler                         0x080002a3   Thumb Code     0  startup_stm32f40_41xxx.o(.text)
    EXTI15_10_IRQHandler                     0x080002a3   Thumb Code     0  startup_stm32f40_41xxx.o(.text)
    EXTI1_IRQHandler                         0x080002a3   Thumb Code     0  startup_stm32f40_41xxx.o(.text)
    EXTI2_IRQHandler                         0x080002a3   Thumb Code     0  startup_stm32f40_41xxx.o(.text)
    EXTI3_IRQHandler                         0x080002a3   Thumb Code     0  startup_stm32f40_41xxx.o(.text)
    EXTI4_IRQHandler                         0x080002a3   Thumb Code     0  startup_stm32f40_41xxx.o(.text)
    EXTI9_5_IRQHandler                       0x080002a3   Thumb Code     0  startup_stm32f40_41xxx.o(.text)
    FLASH_IRQHandler                         0x080002a3   Thumb Code     0  startup_stm32f40_41xxx.o(.text)
    FPU_IRQHandler                           0x080002a3   Thumb Code     0  startup_stm32f40_41xxx.o(.text)
    FSMC_IRQHandler                          0x080002a3   Thumb Code     0  startup_stm32f40_41xxx.o(.text)
    HASH_RNG_IRQHandler                      0x080002a3   Thumb Code     0  startup_stm32f40_41xxx.o(.text)
    I2C1_ER_IRQHandler                       0x080002a3   Thumb Code     0  startup_stm32f40_41xxx.o(.text)
    I2C1_EV_IRQHandler                       0x080002a3   Thumb Code     0  startup_stm32f40_41xxx.o(.text)
    I2C2_ER_IRQHandler                       0x080002a3   Thumb Code     0  startup_stm32f40_41xxx.o(.text)
    I2C2_EV_IRQHandler                       0x080002a3   Thumb Code     0  startup_stm32f40_41xxx.o(.text)
    I2C3_ER_IRQHandler                       0x080002a3   Thumb Code     0  startup_stm32f40_41xxx.o(.text)
    I2C3_EV_IRQHandler                       0x080002a3   Thumb Code     0  startup_stm32f40_41xxx.o(.text)
    OTG_FS_IRQHandler                        0x080002a3   Thumb Code     0  startup_stm32f40_41xxx.o(.text)
    OTG_FS_WKUP_IRQHandler                   0x080002a3   Thumb Code     0  startup_stm32f40_41xxx.o(.text)
    OTG_HS_EP1_IN_IRQHandler                 0x080002a3   Thumb Code     0  startup_stm32f40_41xxx.o(.text)
    OTG_HS_EP1_OUT_IRQHandler                0x080002a3   Thumb Code     0  startup_stm32f40_41xxx.o(.text)
    OTG_HS_IRQHandler                        0x080002a3   Thumb Code     0  startup_stm32f40_41xxx.o(.text)
    OTG_HS_WKUP_IRQHandler                   0x080002a3   Thumb Code     0  startup_stm32f40_41xxx.o(.text)
    PVD_IRQHandler                           0x080002a3   Thumb Code     0  startup_stm32f40_41xxx.o(.text)
    RCC_IRQHandler                           0x080002a3   Thumb Code     0  startup_stm32f40_41xxx.o(.text)
    RTC_Alarm_IRQHandler                     0x080002a3   Thumb Code     0  startup_stm32f40_41xxx.o(.text)
    RTC_WKUP_IRQHandler                      0x080002a3   Thumb Code     0  startup_stm32f40_41xxx.o(.text)
    SDIO_IRQHandler                          0x080002a3   Thumb Code     0  startup_stm32f40_41xxx.o(.text)
    SPI1_IRQHandler                          0x080002a3   Thumb Code     0  startup_stm32f40_41xxx.o(.text)
    SPI2_IRQHandler                          0x080002a3   Thumb Code     0  startup_stm32f40_41xxx.o(.text)
    SPI3_IRQHandler                          0x080002a3   Thumb Code     0  startup_stm32f40_41xxx.o(.text)
    TAMP_STAMP_IRQHandler                    0x080002a3   Thumb Code     0  startup_stm32f40_41xxx.o(.text)
    TIM1_BRK_TIM9_IRQHandler                 0x080002a3   Thumb Code     0  startup_stm32f40_41xxx.o(.text)
    TIM1_CC_IRQHandler                       0x080002a3   Thumb Code     0  startup_stm32f40_41xxx.o(.text)
    TIM1_TRG_COM_TIM11_IRQHandler            0x080002a3   Thumb Code     0  startup_stm32f40_41xxx.o(.text)
    TIM1_UP_TIM10_IRQHandler                 0x080002a3   Thumb Code     0  startup_stm32f40_41xxx.o(.text)
    TIM2_IRQHandler                          0x080002a3   Thumb Code     0  startup_stm32f40_41xxx.o(.text)
    TIM3_IRQHandler                          0x080002a3   Thumb Code     0  startup_stm32f40_41xxx.o(.text)
    TIM4_IRQHandler                          0x080002a3   Thumb Code     0  startup_stm32f40_41xxx.o(.text)
    TIM5_IRQHandler                          0x080002a3   Thumb Code     0  startup_stm32f40_41xxx.o(.text)
    TIM6_DAC_IRQHandler                      0x080002a3   Thumb Code     0  startup_stm32f40_41xxx.o(.text)
    TIM7_IRQHandler                          0x080002a3   Thumb Code     0  startup_stm32f40_41xxx.o(.text)
    TIM8_BRK_TIM12_IRQHandler                0x080002a3   Thumb Code     0  startup_stm32f40_41xxx.o(.text)
    TIM8_CC_IRQHandler                       0x080002a3   Thumb Code     0  startup_stm32f40_41xxx.o(.text)
    TIM8_TRG_COM_TIM14_IRQHandler            0x080002a3   Thumb Code     0  startup_stm32f40_41xxx.o(.text)
    TIM8_UP_TIM13_IRQHandler                 0x080002a3   Thumb Code     0  startup_stm32f40_41xxx.o(.text)
    UART5_IRQHandler                         0x080002a3   Thumb Code     0  startup_stm32f40_41xxx.o(.text)
    USART1_IRQHandler                        0x080002a3   Thumb Code     0  startup_stm32f40_41xxx.o(.text)
    WWDG_IRQHandler                          0x080002a3   Thumb Code     0  startup_stm32f40_41xxx.o(.text)
    __user_initial_stackheap                 0x080002a5   Thumb Code     0  startup_stm32f40_41xxx.o(.text)
    __2sprintf                               0x080002c9   Thumb Code    38  __2sprintf.o(.text)
    _printf_str                              0x080002f5   Thumb Code    82  _printf_str.o(.text)
    _printf_int_dec                          0x08000349   Thumb Code   104  _printf_dec.o(.text)
    __printf                                 0x080003c1   Thumb Code   388  __printf_flags_ss_wp.o(.text)
    atoi                                     0x08000549   Thumb Code    26  atoi.o(.text)
    strchr                                   0x08000563   Thumb Code    20  strchr.o(.text)
    strlen                                   0x08000577   Thumb Code    62  strlen.o(.text)
    __aeabi_memclr                           0x080005b5   Thumb Code     0  rt_memclr.o(.text)
    __rt_memclr                              0x080005b5   Thumb Code    68  rt_memclr.o(.text)
    _memset                                  0x080005b9   Thumb Code     0  rt_memclr.o(.text)
    strncpy                                  0x080005f9   Thumb Code    86  strncpy.o(.text)
    __use_two_region_memory                  0x0800064f   Thumb Code     2  heapauxi.o(.text)
    __rt_heap_escrow$2region                 0x08000651   Thumb Code     2  heapauxi.o(.text)
    __rt_heap_expand$2region                 0x08000653   Thumb Code     2  heapauxi.o(.text)
    __aeabi_errno_addr                       0x08000655   Thumb Code     8  rt_errno_addr_intlibspace.o(.text)
    __errno$intlibspace                      0x08000655   Thumb Code     0  rt_errno_addr_intlibspace.o(.text)
    __rt_errno_addr$intlibspace              0x08000655   Thumb Code     0  rt_errno_addr_intlibspace.o(.text)
    __read_errno                             0x0800065d   Thumb Code    10  _rserrno.o(.text)
    __set_errno                              0x08000667   Thumb Code    12  _rserrno.o(.text)
    _printf_int_common                       0x08000673   Thumb Code   178  _printf_intcommon.o(.text)
    _printf_char_common                      0x0800072f   Thumb Code    32  _printf_char_common.o(.text)
    _sputc                                   0x08000755   Thumb Code    10  _sputc.o(.text)
    _printf_cs_common                        0x0800075f   Thumb Code    20  _printf_char.o(.text)
    _printf_char                             0x08000773   Thumb Code    16  _printf_char.o(.text)
    _printf_string                           0x08000783   Thumb Code     8  _printf_char.o(.text)
    strtol                                   0x0800078b   Thumb Code   112  strtol.o(.text)
    __aeabi_memclr4                          0x080007fb   Thumb Code     0  rt_memclr_w.o(.text)
    __aeabi_memclr8                          0x080007fb   Thumb Code     0  rt_memclr_w.o(.text)
    __rt_memclr_w                            0x080007fb   Thumb Code    78  rt_memclr_w.o(.text)
    _memset_w                                0x080007ff   Thumb Code     0  rt_memclr_w.o(.text)
    __user_libspace                          0x08000849   Thumb Code     8  libspace.o(.text)
    __user_perproc_libspace                  0x08000849   Thumb Code     0  libspace.o(.text)
    __user_perthread_libspace                0x08000849   Thumb Code     0  libspace.o(.text)
    __rt_ctype_table                         0x08000851   Thumb Code    16  rt_ctype_table.o(.text)
    _strtoul                                 0x08000861   Thumb Code   158  _strtoul.o(.text)
    __user_setup_stackheap                   0x080008ff   Thumb Code    74  sys_stackheap_outer.o(.text)
    __rt_locale                              0x08000949   Thumb Code     8  rt_locale_intlibspace.o(.text)
    _chval                                   0x08000951   Thumb Code    28  _chval.o(.text)
    exit                                     0x0800096d   Thumb Code    18  exit.o(.text)
    strcmp                                   0x08000981   Thumb Code   128  strcmpv7m.o(.text)
    _sys_exit                                0x08000a01   Thumb Code     8  sys_exit.o(.text)
    __I$use$semihosting                      0x08000a0d   Thumb Code     0  use_no_semi.o(.text)
    __use_no_semihosting_swi                 0x08000a0d   Thumb Code     2  use_no_semi.o(.text)
    BusFault_Handler                         0x08000a0f   Thumb Code     4  stm32f4xx_it.o(i.BusFault_Handler)
    __semihosting_library_function           0x08000a0f   Thumb Code     0  indicate_semi.o(.text)
    Chassis_Core                             0x08000a15   Thumb Code  2208  mc.o(i.Chassis_Core)
    DMA_ClearFlag                            0x080012b5   Thumb Code    38  stm32f4xx_dma.o(i.DMA_ClearFlag)
    DMA_Cmd                                  0x080012e9   Thumb Code    22  stm32f4xx_dma.o(i.DMA_Cmd)
    DMA_DeInit                               0x08001301   Thumb Code   324  stm32f4xx_dma.o(i.DMA_DeInit)
    DMA_GetCurrDataCounter                   0x08001459   Thumb Code     8  stm32f4xx_dma.o(i.DMA_GetCurrDataCounter)
    DMA_GetFlagStatus                        0x08001461   Thumb Code    54  stm32f4xx_dma.o(i.DMA_GetFlagStatus)
    DMA_Init                                 0x080014a5   Thumb Code    82  stm32f4xx_dma.o(i.DMA_Init)
    DMA_SetCurrDataCounter                   0x080014fd   Thumb Code     4  stm32f4xx_dma.o(i.DMA_SetCurrDataCounter)
    DebugMon_Handler                         0x08001501   Thumb Code     2  stm32f4xx_it.o(i.DebugMon_Handler)
    Delay_ms                                 0x08001503   Thumb Code    24  delay.o(i.Delay_ms)
    Delay_us                                 0x0800151d   Thumb Code    44  delay.o(i.Delay_us)
    DingChen_State_Function                  0x0800154d   Thumb Code   530  control.o(i.DingChen_State_Function)
    GPIO_Init                                0x0800178d   Thumb Code   144  stm32f4xx_gpio.o(i.GPIO_Init)
    GPIO_PinAFConfig                         0x0800181d   Thumb Code    70  stm32f4xx_gpio.o(i.GPIO_PinAFConfig)
    GPIO_ResetBits                           0x08001863   Thumb Code     6  stm32f4xx_gpio.o(i.GPIO_ResetBits)
    GPIO_SetBits                             0x08001869   Thumb Code     4  stm32f4xx_gpio.o(i.GPIO_SetBits)
    Grap1_State_Function                     0x0800186d   Thumb Code  1406  control.o(i.Grap1_State_Function)
    Grap1_Wei_Tiao_Function                  0x08001e01   Thumb Code   464  k230.o(i.Grap1_Wei_Tiao_Function)
    Grap2_State_Function                     0x08002015   Thumb Code  1316  control.o(i.Grap2_State_Function)
    Grap2_Wei_Tiao_Function                  0x08002541   Thumb Code   916  k230.o(i.Grap2_Wei_Tiao_Function)
    Grap_and_put1_State_Function             0x08002911   Thumb Code  2906  control.o(i.Grap_and_put1_State_Function)
    Grap_and_put2_State_Function             0x08003481   Thumb Code  2906  control.o(i.Grap_and_put2_State_Function)
    HardFault_Handler                        0x08003ff1   Thumb Code     4  stm32f4xx_it.o(i.HardFault_Handler)
    Hwt101_Dma_Serial_Init                   0x08003ff5   Thumb Code   320  hwt101.o(i.Hwt101_Dma_Serial_Init)
    K230_Dma_SendHex                         0x08004145   Thumb Code    84  k230.o(i.K230_Dma_SendHex)
    K230_Dma_Serial_Init                     0x080041a5   Thumb Code   394  k230.o(i.K230_Dma_Serial_Init)
    K230_SendQR                              0x08004341   Thumb Code    26  k230.o(i.K230_SendQR)
    K230_SendTaskCmd                         0x08004369   Thumb Code    28  k230.o(i.K230_SendTaskCmd)
    LCD_Address_Set                          0x08004389   Thumb Code    66  lcd.o(i.LCD_Address_Set)
    LCD_DrawPoint                            0x080043cb   Thumb Code    28  lcd.o(i.LCD_DrawPoint)
    LCD_Fill                                 0x080043e7   Thumb Code    74  lcd.o(i.LCD_Fill)
    LCD_GPIO_Init                            0x08004431   Thumb Code    80  lcd.o(i.LCD_GPIO_Init)
    LCD_Init                                 0x08004489   Thumb Code   504  lcd.o(i.LCD_Init)
    LCD_ShowChar                             0x08004685   Thumb Code   394  lcd.o(i.LCD_ShowChar)
    LCD_ShowChar100x50                       0x08004825   Thumb Code   222  lcd.o(i.LCD_ShowChar100x50)
    LCD_ShowString                           0x08004909   Thumb Code    66  lcd.o(i.LCD_ShowString)
    LCD_WR_DATA                              0x0800494b   Thumb Code    18  lcd.o(i.LCD_WR_DATA)
    LCD_WR_DATA8                             0x0800495d   Thumb Code    12  lcd.o(i.LCD_WR_DATA8)
    LCD_WR_REG                               0x08004969   Thumb Code    28  lcd.o(i.LCD_WR_REG)
    LCD_Writ_Bus                             0x08004989   Thumb Code    90  lcd.o(i.LCD_Writ_Bus)
    MC_DMA_Serial_Init                       0x080049e9   Thumb Code   398  mc.o(i.MC_DMA_Serial_Init)
    MemManage_Handler                        0x08004b89   Thumb Code     4  stm32f4xx_it.o(i.MemManage_Handler)
    NMI_Handler                              0x08004b8d   Thumb Code     2  stm32f4xx_it.o(i.NMI_Handler)
    NVIC_Init                                0x08004b91   Thumb Code   106  misc.o(i.NVIC_Init)
    NVIC_PriorityGroupConfig                 0x08004c09   Thumb Code    10  misc.o(i.NVIC_PriorityGroupConfig)
    PID_State_Function                       0x08004c1d   Thumb Code  2704  control.o(i.PID_State_Function)
    PID_angle                                0x080056cd   Thumb Code   182  pid.o(i.PID_angle)
    PID_vision1                              0x08005791   Thumb Code   182  pid.o(i.PID_vision1)
    PID_vision2                              0x0800584d   Thumb Code   182  pid.o(i.PID_vision2)
    ParseTwoNumbers                          0x08005909   Thumb Code   154  saom.o(i.ParseTwoNumbers)
    PendSV_Handler                           0x080059a3   Thumb Code     2  stm32f4xx_it.o(i.PendSV_Handler)
    ProcessReceivedExpression                0x080059a5   Thumb Code   172  saom.o(i.ProcessReceivedExpression)
    RCC_AHB1PeriphClockCmd                   0x08005a7d   Thumb Code    26  stm32f4xx_rcc.o(i.RCC_AHB1PeriphClockCmd)
    RCC_APB1PeriphClockCmd                   0x08005a9d   Thumb Code    26  stm32f4xx_rcc.o(i.RCC_APB1PeriphClockCmd)
    RCC_APB2PeriphClockCmd                   0x08005abd   Thumb Code    26  stm32f4xx_rcc.o(i.RCC_APB2PeriphClockCmd)
    RCC_GetClocksFreq                        0x08005add   Thumb Code   214  stm32f4xx_rcc.o(i.RCC_GetClocksFreq)
    SVC_Handler                              0x08005bc5   Thumb Code     2  stm32f4xx_it.o(i.SVC_Handler)
    SaoM_Dma_Serial_Init                     0x08005bc9   Thumb Code   330  saom.o(i.SaoM_Dma_Serial_Init)
    Scan_Function                            0x08005d35   Thumb Code    38  saom.o(i.Scan_Function)
    Scan_Qr_State_Function                   0x08005d71   Thumb Code   212  control.o(i.Scan_Qr_State_Function)
    Serial_SendHex_DMA                       0x08005e85   Thumb Code    88  mc.o(i.Serial_SendHex_DMA)
    Servo_CH1_Init                           0x08005ee1   Thumb Code   170  servo.o(i.Servo_CH1_Init)
    Servo_CH2_Init                           0x08005f91   Thumb Code   170  servo.o(i.Servo_CH2_Init)
    Servo_CH3_Init                           0x08006041   Thumb Code   164  servo.o(i.Servo_CH3_Init)
    Servo_SetAngle_CH1                       0x080060ed   Thumb Code    56  servo.o(i.Servo_SetAngle_CH1)
    Servo_SetAngle_CH2                       0x08006131   Thumb Code    56  servo.o(i.Servo_SetAngle_CH2)
    Servo_SetAngle_CH3                       0x08006175   Thumb Code    54  servo.o(i.Servo_SetAngle_CH3)
    Servo_SmoothSetAngle_CH1                 0x080061bd   Thumb Code    30  servo.o(i.Servo_SmoothSetAngle_CH1)
    Servo_SmoothSetAngle_CH2                 0x080061e5   Thumb Code    30  servo.o(i.Servo_SmoothSetAngle_CH2)
    Servo_SmoothSetAngle_CH3                 0x0800620d   Thumb Code    30  servo.o(i.Servo_SmoothSetAngle_CH3)
    Servo_SmoothUpdate                       0x08006235   Thumb Code   468  servo.o(i.Servo_SmoothUpdate)
    SysTick_CLKSourceConfig                  0x08006509   Thumb Code    40  misc.o(i.SysTick_CLKSourceConfig)
    SysTick_Handler                          0x08006531   Thumb Code    48  task_start.o(i.SysTick_Handler)
    SysTick_Init                             0x08006569   Thumb Code    62  task_start.o(i.SysTick_Init)
    SystemInit                               0x080065a9   Thumb Code    88  system_stm32f4xx.o(i.SystemInit)
    TIM_ClearFlag                            0x08006611   Thumb Code     6  stm32f4xx_tim.o(i.TIM_ClearFlag)
    TIM_Cmd                                  0x08006617   Thumb Code    24  stm32f4xx_tim.o(i.TIM_Cmd)
    TIM_InternalClockConfig                  0x0800662f   Thumb Code    12  stm32f4xx_tim.o(i.TIM_InternalClockConfig)
    TIM_OC1Init                              0x0800663d   Thumb Code   114  stm32f4xx_tim.o(i.TIM_OC1Init)
    TIM_OC2Init                              0x080066b9   Thumb Code   154  stm32f4xx_tim.o(i.TIM_OC2Init)
    TIM_OCStructInit                         0x0800675d   Thumb Code    20  stm32f4xx_tim.o(i.TIM_OCStructInit)
    TIM_SetCompare1                          0x08006771   Thumb Code     4  stm32f4xx_tim.o(i.TIM_SetCompare1)
    TIM_SetCompare2                          0x08006775   Thumb Code     4  stm32f4xx_tim.o(i.TIM_SetCompare2)
    TIM_TimeBaseInit                         0x08006779   Thumb Code   104  stm32f4xx_tim.o(i.TIM_TimeBaseInit)
    UART4_IRQHandler                         0x080067fd   Thumb Code   480  hwt101.o(i.UART4_IRQHandler)
    USART2_IRQHandler                        0x08006a1d   Thumb Code   336  k230.o(i.USART2_IRQHandler)
    USART3_IRQHandler                        0x08006b91   Thumb Code   362  mc.o(i.USART3_IRQHandler)
    USART6_IRQHandler                        0x08006d29   Thumb Code   366  saom.o(i.USART6_IRQHandler)
    USART6_SendByte                          0x08006eb5   Thumb Code    42  saom.o(i.USART6_SendByte)
    USART6_SendData                          0x08006ee5   Thumb Code    26  saom.o(i.USART6_SendData)
    USART_Cmd                                0x08006eff   Thumb Code    24  stm32f4xx_usart.o(i.USART_Cmd)
    USART_DMACmd                             0x08006f17   Thumb Code    18  stm32f4xx_usart.o(i.USART_DMACmd)
    USART_GetFlagStatus                      0x08006f29   Thumb Code    26  stm32f4xx_usart.o(i.USART_GetFlagStatus)
    USART_GetITStatus                        0x08006f43   Thumb Code    84  stm32f4xx_usart.o(i.USART_GetITStatus)
    USART_ITConfig                           0x08006f97   Thumb Code    74  stm32f4xx_usart.o(i.USART_ITConfig)
    USART_Init                               0x08006fe1   Thumb Code   204  stm32f4xx_usart.o(i.USART_Init)
    USART_ReceiveData                        0x080070b5   Thumb Code    10  stm32f4xx_usart.o(i.USART_ReceiveData)
    USART_SendData                           0x080070bf   Thumb Code     8  stm32f4xx_usart.o(i.USART_SendData)
    UsageFault_Handler                       0x080070c7   Thumb Code     4  stm32f4xx_it.o(i.UsageFault_Handler)
    ZDT_DJ_TongBu_Control                    0x080070cd   Thumb Code    30  mc.o(i.ZDT_DJ_TongBu_Control)
    ZDT_JueDui_Position_Control              0x080070f1   Thumb Code    78  mc.o(i.ZDT_JueDui_Position_Control)
    ZDT_Speed_Control                        0x08007145   Thumb Code    50  mc.o(i.ZDT_Speed_Control)
    __ARM_fpclassifyf                        0x0800717d   Thumb Code    38  fpclassifyf.o(i.__ARM_fpclassifyf)
    __hardfp_cosf                            0x080071a5   Thumb Code   280  cosf.o(i.__hardfp_cosf)
    __hardfp_sinf                            0x080072f5   Thumb Code   344  sinf.o(i.__hardfp_sinf)
    __mathlib_flt_infnan                     0x08007485   Thumb Code     6  funder.o(i.__mathlib_flt_infnan)
    __mathlib_flt_invalid                    0x0800748d   Thumb Code    10  funder.o(i.__mathlib_flt_invalid)
    __mathlib_flt_underflow                  0x0800749d   Thumb Code    10  funder.o(i.__mathlib_flt_underflow)
    __mathlib_rredf2                         0x080074ad   Thumb Code   316  rredf.o(i.__mathlib_rredf2)
    _is_digit                                0x08007601   Thumb Code    14  __printf_wp.o(i._is_digit)
    calculate_shortest_path_error            0x08007611   Thumb Code    56  hwt101.o(i.calculate_shortest_path_error)
    count_TIM4_Init                          0x08007655   Thumb Code    62  delay.o(i.count_TIM4_Init)
    initMultiTask                            0x08007699   Thumb Code    46  task_start.o(i.initMultiTask)
    initTaskList                             0x080076cd   Thumb Code     8  task.o(i.initTaskList)
    main                                     0x080076dd   Thumb Code    80  main.o(i.main)
    put1_State_Function                      0x0800772d   Thumb Code  1812  control.o(i.put1_State_Function)
    put2_State_Function                      0x08007e4d   Thumb Code  1840  control.o(i.put2_State_Function)
    taskGroupNum                             0x08008589   Thumb Code     4  task.o(i.taskGroupNum)
    task_exec                                0x0800858d   Thumb Code   116  task_start.o(i.task_exec)
    timeSlice                                0x08008605   Thumb Code   100  task_start.o(i.timeSlice)
    _get_lc_ctype                            0x0800866d   Thumb Code    44  lc_ctype_c.o(locale$$code)
    __aeabi_d2f                              0x08008699   Thumb Code     0  d2f.o(x$fpl$d2f)
    _d2f                                     0x08008699   Thumb Code    98  d2f.o(x$fpl$d2f)
    __aeabi_dadd                             0x080086fd   Thumb Code     0  daddsub_clz.o(x$fpl$dadd)
    _dadd                                    0x080086fd   Thumb Code   332  daddsub_clz.o(x$fpl$dadd)
    __fpl_dcmp_Inf                           0x0800884d   Thumb Code    24  dcmpi.o(x$fpl$dcmpinf)
    __aeabi_cdcmpeq                          0x08008865   Thumb Code     0  deqf.o(x$fpl$deqf)
    _dcmpeq                                  0x08008865   Thumb Code   120  deqf.o(x$fpl$deqf)
    __aeabi_d2uiz                            0x080088dd   Thumb Code     0  dfixu.o(x$fpl$dfixu)
    _dfixu                                   0x080088dd   Thumb Code    90  dfixu.o(x$fpl$dfixu)
    __aeabi_i2d                              0x08008937   Thumb Code     0  dflt_clz.o(x$fpl$dflt)
    _dflt                                    0x08008937   Thumb Code    46  dflt_clz.o(x$fpl$dflt)
    __aeabi_dmul                             0x08008965   Thumb Code     0  dmul.o(x$fpl$dmul)
    _dmul                                    0x08008965   Thumb Code   332  dmul.o(x$fpl$dmul)
    __fpl_dnaninf                            0x08008ab9   Thumb Code   156  dnaninf.o(x$fpl$dnaninf)
    __fpl_dretinf                            0x08008b55   Thumb Code    12  dretinf.o(x$fpl$dretinf)
    __aeabi_dsub                             0x08008b61   Thumb Code     0  daddsub_clz.o(x$fpl$dsub)
    _dsub                                    0x08008b61   Thumb Code   464  daddsub_clz.o(x$fpl$dsub)
    _fp_init                                 0x08008d35   Thumb Code    10  fpinit.o(x$fpl$fpinit)
    __fplib_config_fpu_vfp                   0x08008d3d   Thumb Code     0  fpinit.o(x$fpl$fpinit)
    __fplib_config_pureend_doubles           0x08008d3d   Thumb Code     0  fpinit.o(x$fpl$fpinit)
    __fpl_fretinf                            0x08008d3f   Thumb Code    10  fretinf.o(x$fpl$fretinf)
    __I$use$fp                               0x08008d48   Number         0  usenofp.o(x$fpl$usenofp)
    taskGroup0                               0x08008d54   Data           8  task.o(.constdata)
    taskGroup1                               0x08008d5c   Data           8  task.o(.constdata)
    taskGroup2                               0x08008d64   Data           8  task.o(.constdata)
    taskGroup3                               0x08008d6c   Data           8  task.o(.constdata)
    TaskList                                 0x08008d74   Data          32  task.o(.constdata)
    ascii_1206                               0x08008ff8   Data        1140  lcd.o(.constdata)
    ascii_1608                               0x0800946c   Data        1520  lcd.o(.constdata)
    ascii_2412                               0x08009a5c   Data        4560  lcd.o(.constdata)
    ascii_3216                               0x0800ac2c   Data        6080  lcd.o(.constdata)
    ascii_6432                               0x0800c3ec   Data        5120  lcd.o(.constdata)
    ascii_10050                              0x0800d7ec   Data       14000  lcd.o(.constdata)
    tfont12                                  0x08010e9c   Data          52  lcd.o(.constdata)
    tfont16                                  0x08010ed0   Data         136  lcd.o(.constdata)
    tfont24                                  0x08010f58   Data         148  lcd.o(.constdata)
    tfont32                                  0x08010fec   Data         260  lcd.o(.constdata)
    tfont64                                  0x080110f0   Data         514  lcd.o(.constdata)
    Region$$Table$$Base                      0x08011324   Number         0  anon$$obj.o(Region$$Table)
    Region$$Table$$Limit                     0x08011344   Number         0  anon$$obj.o(Region$$Table)
    __ctype                                  0x08011351   Data           0  lc_ctype_c.o(locale$$data)
    current_yaw                              0x20000010   Data           4  hwt101.o(.data)
    accel_z                                  0x20000014   Data           4  hwt101.o(.data)
    Start_Yaw                                0x20000018   Data           4  hwt101.o(.data)
    LingShi_Current_World_Yaw                0x2000001c   Data           4  hwt101.o(.data)
    Current_World_Yaw                        0x20000020   Data           4  hwt101.o(.data)
    Start_Yaw_Flag                           0x20000024   Data           1  hwt101.o(.data)
    g_visual_dx                              0x2000002c   Data           2  k230.o(.data)
    g_visual_dy                              0x2000002e   Data           2  k230.o(.data)
    g_visual_stop_flag                       0x20000030   Data           1  k230.o(.data)
    g_target_yaw                             0x20000090   Data           4  mc.o(.data)
    g_sc_state                               0x20000095   Data           1  mc.o(.data)
    pid_input_error                          0x20000098   Data           4  mc.o(.data)
    vx_body                                  0x2000009c   Data           4  mc.o(.data)
    vy_body                                  0x200000a0   Data           4  mc.o(.data)
    angle_straight_integrate                 0x200000a4   Data           4  mc.o(.data)
    angle_straight_last_error                0x200000a8   Data           4  mc.o(.data)
    DJ_DaoWei_Data                           0x200000ac   Data           1  mc.o(.data)
    DJ_HuiLing_Data                          0x200000ad   Data           1  mc.o(.data)
    DuoJi_MaiChong_Data                      0x200000ae   Data           2  mc.o(.data)
    usart3_rx_index                          0x200000d4   Data           1  saom.o(.data)
    SaoM_complete_Flag                       0x200000d5   Data           1  saom.o(.data)
    received_number                          0x200000d8   Data           4  saom.o(.data)
    task1                                    0x200000dc   Data           4  saom.o(.data)
    task2                                    0x200000e0   Data           4  saom.o(.data)
    task3                                    0x200000e4   Data           4  saom.o(.data)
    task4                                    0x200000e8   Data           4  saom.o(.data)
    task5                                    0x200000ec   Data           4  saom.o(.data)
    task6                                    0x200000f0   Data           4  saom.o(.data)
    text1                                    0x200000f4   Data           4  saom.o(.data)
    text2                                    0x200000f8   Data           4  saom.o(.data)
    DingChen_State                           0x20000100   Data           1  control.o(.data)
    PID_State                                0x20000101   Data           1  control.o(.data)
    Scan_Qr_State                            0x20000102   Data           1  control.o(.data)
    Grap1_State                              0x20000103   Data           1  control.o(.data)
    Grap_and_put1_State                      0x20000104   Data           1  control.o(.data)
    put1_State                               0x20000105   Data           1  control.o(.data)
    Grap2_State                              0x20000106   Data           1  control.o(.data)
    Grap_and_put2_State                      0x20000107   Data           1  control.o(.data)
    put2_State                               0x20000108   Data           1  control.o(.data)
    Scan_Qr_Data                             0x20000109   Data           3  control.o(.data)
    Grap1_Data                               0x2000010c   Data           6  control.o(.data)
    Grap_and_put1_Data                       0x20000112   Data           3  control.o(.data)
    put1_Data                                0x20000115   Data           3  control.o(.data)
    Grap2_Data                               0x20000118   Data           3  control.o(.data)
    Grap_and_put2_Data                       0x2000011b   Data           3  control.o(.data)
    put2_Data                                0x2000011e   Data           3  control.o(.data)
    PID_Task_Completed_Flag                  0x20000121   Data           1  control.o(.data)
    Special_Task_Completed_Flag              0x20000122   Data           1  control.o(.data)
    Delay_Flag                               0x20000123   Data           1  control.o(.data)
    Delay_Unit                               0x20000124   Data           1  control.o(.data)
    PID_Mode                                 0x20000125   Data           1  control.o(.data)
    System_Tick_10ms                         0x20000130   Data           4  control.o(.data)
    DMA_RxBuf                                0x20000154   Data         128  hwt101.o(.bss)
    rx_buffer                                0x200001d4   Data          20  hwt101.o(.bss)
    DMA2_RxBuf                               0x200001e8   Data         128  k230.o(.bss)
    motor_v                                  0x20000278   Data          16  mc.o(.bss)
    DMA1_RxBuf                               0x20000288   Data         128  mc.o(.bss)
    DuoJi_MaiChong_Data_Buffer               0x20000308   Data          16  mc.o(.bss)
    DMA_SaoM_RxBuf                           0x20000348   Data          64  saom.o(.bss)
    usart3_rx_buffer                         0x20000388   Data          32  saom.o(.bss)
    MultiTask                                0x200003a8   Data          24  task_start.o(.bss)
    gServo1_Motion                           0x200003c0   Data          20  servo.o(.bss)
    gServo2_Motion                           0x200003d4   Data          20  servo.o(.bss)
    gServo3_Motion                           0x200003e8   Data          20  servo.o(.bss)
    __libspace_start                         0x200003fc   Data          96  libspace.o(.bss)
    __temporary_stack_top$libspace           0x2000045c   Data           0  libspace.o(.bss)



==============================================================================

Memory Map of the image

  Image Entry point : 0x08000189

  Load Region LR_IROM1 (Base: 0x08000000, Size: 0x000115a8, Max: 0x00100000, ABSOLUTE, COMPRESSED[0x00011464])

    Execution Region ER_IROM1 (Exec base: 0x08000000, Load base: 0x08000000, Size: 0x00011454, Max: 0x00100000, ABSOLUTE)

    Exec Addr    Load Addr    Size         Type   Attr      Idx    E Section Name        Object

    0x08000000   0x08000000   0x00000188   Data   RO            3    RESET               startup_stm32f40_41xxx.o
    0x08000188   0x08000188   0x00000008   Code   RO         6286  * !!!main             c_w.l(__main.o)
    0x08000190   0x08000190   0x00000034   Code   RO         6670    !!!scatter          c_w.l(__scatter.o)
    0x080001c4   0x080001c4   0x0000005a   Code   RO         6668    !!dczerorl2         c_w.l(__dczerorl2.o)
    0x0800021e   0x0800021e   0x00000002   PAD
    0x08000220   0x08000220   0x0000001c   Code   RO         6672    !!handler_zi        c_w.l(__scatter_zi.o)
    0x0800023c   0x0800023c   0x00000000   Code   RO         6273    .ARM.Collect$$_printf_percent$$00000000  c_w.l(_printf_percent.o)
    0x0800023c   0x0800023c   0x00000006   Code   RO         6272    .ARM.Collect$$_printf_percent$$00000009  c_w.l(_printf_d.o)
    0x08000242   0x08000242   0x00000006   Code   RO         6271    .ARM.Collect$$_printf_percent$$00000014  c_w.l(_printf_s.o)
    0x08000248   0x08000248   0x00000004   Code   RO         6399    .ARM.Collect$$_printf_percent$$00000017  c_w.l(_printf_percent_end.o)
    0x0800024c   0x0800024c   0x00000002   Code   RO         6533    .ARM.Collect$$libinit$$00000000  c_w.l(libinit.o)
    0x0800024e   0x0800024e   0x00000004   Code   RO         6542    .ARM.Collect$$libinit$$00000001  c_w.l(libinit2.o)
    0x08000252   0x08000252   0x00000000   Code   RO         6545    .ARM.Collect$$libinit$$00000004  c_w.l(libinit2.o)
    0x08000252   0x08000252   0x00000000   Code   RO         6548    .ARM.Collect$$libinit$$0000000A  c_w.l(libinit2.o)
    0x08000252   0x08000252   0x00000000   Code   RO         6550    .ARM.Collect$$libinit$$0000000C  c_w.l(libinit2.o)
    0x08000252   0x08000252   0x00000000   Code   RO         6552    .ARM.Collect$$libinit$$0000000E  c_w.l(libinit2.o)
    0x08000252   0x08000252   0x00000006   Code   RO         6553    .ARM.Collect$$libinit$$0000000F  c_w.l(libinit2.o)
    0x08000258   0x08000258   0x00000000   Code   RO         6555    .ARM.Collect$$libinit$$00000011  c_w.l(libinit2.o)
    0x08000258   0x08000258   0x0000000c   Code   RO         6556    .ARM.Collect$$libinit$$00000012  c_w.l(libinit2.o)
    0x08000264   0x08000264   0x00000000   Code   RO         6557    .ARM.Collect$$libinit$$00000013  c_w.l(libinit2.o)
    0x08000264   0x08000264   0x00000000   Code   RO         6559    .ARM.Collect$$libinit$$00000015  c_w.l(libinit2.o)
    0x08000264   0x08000264   0x00000000   Code   RO         6561    .ARM.Collect$$libinit$$00000017  c_w.l(libinit2.o)
    0x08000264   0x08000264   0x00000000   Code   RO         6563    .ARM.Collect$$libinit$$00000019  c_w.l(libinit2.o)
    0x08000264   0x08000264   0x00000000   Code   RO         6565    .ARM.Collect$$libinit$$0000001B  c_w.l(libinit2.o)
    0x08000264   0x08000264   0x00000000   Code   RO         6567    .ARM.Collect$$libinit$$0000001D  c_w.l(libinit2.o)
    0x08000264   0x08000264   0x00000000   Code   RO         6569    .ARM.Collect$$libinit$$0000001F  c_w.l(libinit2.o)
    0x08000264   0x08000264   0x00000000   Code   RO         6571    .ARM.Collect$$libinit$$00000021  c_w.l(libinit2.o)
    0x08000264   0x08000264   0x00000000   Code   RO         6573    .ARM.Collect$$libinit$$00000023  c_w.l(libinit2.o)
    0x08000264   0x08000264   0x00000000   Code   RO         6575    .ARM.Collect$$libinit$$00000025  c_w.l(libinit2.o)
    0x08000264   0x08000264   0x00000000   Code   RO         6579    .ARM.Collect$$libinit$$0000002C  c_w.l(libinit2.o)
    0x08000264   0x08000264   0x00000000   Code   RO         6581    .ARM.Collect$$libinit$$0000002E  c_w.l(libinit2.o)
    0x08000264   0x08000264   0x00000000   Code   RO         6583    .ARM.Collect$$libinit$$00000030  c_w.l(libinit2.o)
    0x08000264   0x08000264   0x00000000   Code   RO         6585    .ARM.Collect$$libinit$$00000032  c_w.l(libinit2.o)
    0x08000264   0x08000264   0x00000002   Code   RO         6586    .ARM.Collect$$libinit$$00000033  c_w.l(libinit2.o)
    0x08000266   0x08000266   0x00000002   Code   RO         6606    .ARM.Collect$$libshutdown$$00000000  c_w.l(libshutdown.o)
    0x08000268   0x08000268   0x00000000   Code   RO         6619    .ARM.Collect$$libshutdown$$00000002  c_w.l(libshutdown2.o)
    0x08000268   0x08000268   0x00000000   Code   RO         6621    .ARM.Collect$$libshutdown$$00000004  c_w.l(libshutdown2.o)
    0x08000268   0x08000268   0x00000000   Code   RO         6623    .ARM.Collect$$libshutdown$$00000006  c_w.l(libshutdown2.o)
    0x08000268   0x08000268   0x00000000   Code   RO         6626    .ARM.Collect$$libshutdown$$00000009  c_w.l(libshutdown2.o)
    0x08000268   0x08000268   0x00000000   Code   RO         6629    .ARM.Collect$$libshutdown$$0000000C  c_w.l(libshutdown2.o)
    0x08000268   0x08000268   0x00000000   Code   RO         6631    .ARM.Collect$$libshutdown$$0000000E  c_w.l(libshutdown2.o)
    0x08000268   0x08000268   0x00000000   Code   RO         6634    .ARM.Collect$$libshutdown$$00000011  c_w.l(libshutdown2.o)
    0x08000268   0x08000268   0x00000002   Code   RO         6635    .ARM.Collect$$libshutdown$$00000012  c_w.l(libshutdown2.o)
    0x0800026a   0x0800026a   0x00000000   Code   RO         6334    .ARM.Collect$$rtentry$$00000000  c_w.l(__rtentry.o)
    0x0800026a   0x0800026a   0x00000000   Code   RO         6453    .ARM.Collect$$rtentry$$00000002  c_w.l(__rtentry2.o)
    0x0800026a   0x0800026a   0x00000006   Code   RO         6465    .ARM.Collect$$rtentry$$00000004  c_w.l(__rtentry4.o)
    0x08000270   0x08000270   0x00000000   Code   RO         6455    .ARM.Collect$$rtentry$$00000009  c_w.l(__rtentry2.o)
    0x08000270   0x08000270   0x00000004   Code   RO         6456    .ARM.Collect$$rtentry$$0000000A  c_w.l(__rtentry2.o)
    0x08000274   0x08000274   0x00000000   Code   RO         6458    .ARM.Collect$$rtentry$$0000000C  c_w.l(__rtentry2.o)
    0x08000274   0x08000274   0x00000008   Code   RO         6459    .ARM.Collect$$rtentry$$0000000D  c_w.l(__rtentry2.o)
    0x0800027c   0x0800027c   0x00000002   Code   RO         6538    .ARM.Collect$$rtexit$$00000000  c_w.l(rtexit.o)
    0x0800027e   0x0800027e   0x00000000   Code   RO         6588    .ARM.Collect$$rtexit$$00000002  c_w.l(rtexit2.o)
    0x0800027e   0x0800027e   0x00000004   Code   RO         6589    .ARM.Collect$$rtexit$$00000003  c_w.l(rtexit2.o)
    0x08000282   0x08000282   0x00000006   Code   RO         6590    .ARM.Collect$$rtexit$$00000004  c_w.l(rtexit2.o)
    0x08000288   0x08000288   0x00000040   Code   RO            4    .text               startup_stm32f40_41xxx.o
    0x080002c8   0x080002c8   0x0000002c   Code   RO         6241    .text               c_w.l(__2sprintf.o)
    0x080002f4   0x080002f4   0x00000052   Code   RO         6247    .text               c_w.l(_printf_str.o)
    0x08000346   0x08000346   0x00000002   PAD
    0x08000348   0x08000348   0x00000078   Code   RO         6249    .text               c_w.l(_printf_dec.o)
    0x080003c0   0x080003c0   0x00000188   Code   RO         6268    .text               c_w.l(__printf_flags_ss_wp.o)
    0x08000548   0x08000548   0x0000001a   Code   RO         6274    .text               c_w.l(atoi.o)
    0x08000562   0x08000562   0x00000014   Code   RO         6276    .text               c_w.l(strchr.o)
    0x08000576   0x08000576   0x0000003e   Code   RO         6278    .text               c_w.l(strlen.o)
    0x080005b4   0x080005b4   0x00000044   Code   RO         6280    .text               c_w.l(rt_memclr.o)
    0x080005f8   0x080005f8   0x00000056   Code   RO         6282    .text               c_w.l(strncpy.o)
    0x0800064e   0x0800064e   0x00000006   Code   RO         6284    .text               c_w.l(heapauxi.o)
    0x08000654   0x08000654   0x00000008   Code   RO         6338    .text               c_w.l(rt_errno_addr_intlibspace.o)
    0x0800065c   0x0800065c   0x00000016   Code   RO         6340    .text               c_w.l(_rserrno.o)
    0x08000672   0x08000672   0x000000b2   Code   RO         6346    .text               c_w.l(_printf_intcommon.o)
    0x08000724   0x08000724   0x00000030   Code   RO         6350    .text               c_w.l(_printf_char_common.o)
    0x08000754   0x08000754   0x0000000a   Code   RO         6352    .text               c_w.l(_sputc.o)
    0x0800075e   0x0800075e   0x0000002c   Code   RO         6354    .text               c_w.l(_printf_char.o)
    0x0800078a   0x0800078a   0x00000070   Code   RO         6409    .text               c_w.l(strtol.o)
    0x080007fa   0x080007fa   0x0000004e   Code   RO         6411    .text               c_w.l(rt_memclr_w.o)
    0x08000848   0x08000848   0x00000008   Code   RO         6449    .text               c_w.l(libspace.o)
    0x08000850   0x08000850   0x00000010   Code   RO         6467    .text               c_w.l(rt_ctype_table.o)
    0x08000860   0x08000860   0x0000009e   Code   RO         6480    .text               c_w.l(_strtoul.o)
    0x080008fe   0x080008fe   0x0000004a   Code   RO         6484    .text               c_w.l(sys_stackheap_outer.o)
    0x08000948   0x08000948   0x00000008   Code   RO         6489    .text               c_w.l(rt_locale_intlibspace.o)
    0x08000950   0x08000950   0x0000001c   Code   RO         6493    .text               c_w.l(_chval.o)
    0x0800096c   0x0800096c   0x00000012   Code   RO         6526    .text               c_w.l(exit.o)
    0x0800097e   0x0800097e   0x00000002   PAD
    0x08000980   0x08000980   0x00000080   Code   RO         6540    .text               c_w.l(strcmpv7m.o)
    0x08000a00   0x08000a00   0x0000000c   Code   RO         6598    .text               c_w.l(sys_exit.o)
    0x08000a0c   0x08000a0c   0x00000002   Code   RO         6609    .text               c_w.l(use_no_semi.o)
    0x08000a0e   0x08000a0e   0x00000000   Code   RO         6611    .text               c_w.l(indicate_semi.o)
    0x08000a0e   0x08000a0e   0x00000004   Code   RO         6130    i.BusFault_Handler  stm32f4xx_it.o
    0x08000a12   0x08000a12   0x00000002   PAD
    0x08000a14   0x08000a14   0x000008a0   Code   RO         5345    i.Chassis_Core      mc.o
    0x080012b4   0x080012b4   0x00000034   Code   RO         1191    i.DMA_ClearFlag     stm32f4xx_dma.o
    0x080012e8   0x080012e8   0x00000016   Code   RO         1193    i.DMA_Cmd           stm32f4xx_dma.o
    0x080012fe   0x080012fe   0x00000002   PAD
    0x08001300   0x08001300   0x00000158   Code   RO         1194    i.DMA_DeInit        stm32f4xx_dma.o
    0x08001458   0x08001458   0x00000008   Code   RO         1199    i.DMA_GetCurrDataCounter  stm32f4xx_dma.o
    0x08001460   0x08001460   0x00000044   Code   RO         1202    i.DMA_GetFlagStatus  stm32f4xx_dma.o
    0x080014a4   0x080014a4   0x00000058   Code   RO         1205    i.DMA_Init          stm32f4xx_dma.o
    0x080014fc   0x080014fc   0x00000004   Code   RO         1208    i.DMA_SetCurrDataCounter  stm32f4xx_dma.o
    0x08001500   0x08001500   0x00000002   Code   RO         6131    i.DebugMon_Handler  stm32f4xx_it.o
    0x08001502   0x08001502   0x00000018   Code   RO         5123    i.Delay_ms          delay.o
    0x0800151a   0x0800151a   0x00000002   PAD
    0x0800151c   0x0800151c   0x00000030   Code   RO         5125    i.Delay_us          delay.o
    0x0800154c   0x0800154c   0x00000240   Code   RO         5692    i.DingChen_State_Function  control.o
    0x0800178c   0x0800178c   0x00000090   Code   RO         1993    i.GPIO_Init         stm32f4xx_gpio.o
    0x0800181c   0x0800181c   0x00000046   Code   RO         1994    i.GPIO_PinAFConfig  stm32f4xx_gpio.o
    0x08001862   0x08001862   0x00000006   Code   RO         2000    i.GPIO_ResetBits    stm32f4xx_gpio.o
    0x08001868   0x08001868   0x00000004   Code   RO         2001    i.GPIO_SetBits      stm32f4xx_gpio.o
    0x0800186c   0x0800186c   0x00000594   Code   RO         5693    i.Grap1_State_Function  control.o
    0x08001e00   0x08001e00   0x00000214   Code   RO         5257    i.Grap1_Wei_Tiao_Function  k230.o
    0x08002014   0x08002014   0x0000052c   Code   RO         5694    i.Grap2_State_Function  control.o
    0x08002540   0x08002540   0x000003d0   Code   RO         5258    i.Grap2_Wei_Tiao_Function  k230.o
    0x08002910   0x08002910   0x00000b70   Code   RO         5695    i.Grap_and_put1_State_Function  control.o
    0x08003480   0x08003480   0x00000b70   Code   RO         5696    i.Grap_and_put2_State_Function  control.o
    0x08003ff0   0x08003ff0   0x00000004   Code   RO         6132    i.HardFault_Handler  stm32f4xx_it.o
    0x08003ff4   0x08003ff4   0x00000150   Code   RO         5165    i.Hwt101_Dma_Serial_Init  hwt101.o
    0x08004144   0x08004144   0x00000060   Code   RO         5259    i.K230_Dma_SendHex  k230.o
    0x080041a4   0x080041a4   0x0000019c   Code   RO         5260    i.K230_Dma_Serial_Init  k230.o
    0x08004340   0x08004340   0x00000028   Code   RO         5261    i.K230_SendQR       k230.o
    0x08004368   0x08004368   0x00000020   Code   RO         5262    i.K230_SendTaskCmd  k230.o
    0x08004388   0x08004388   0x00000042   Code   RO         5876    i.LCD_Address_Set   lcd.o
    0x080043ca   0x080043ca   0x0000001c   Code   RO         5878    i.LCD_DrawPoint     lcd.o
    0x080043e6   0x080043e6   0x0000004a   Code   RO         5880    i.LCD_Fill          lcd.o
    0x08004430   0x08004430   0x00000058   Code   RO         5881    i.LCD_GPIO_Init     lcd.o
    0x08004488   0x08004488   0x000001fc   Code   RO         5882    i.LCD_Init          lcd.o
    0x08004684   0x08004684   0x000001a0   Code   RO         5883    i.LCD_ShowChar      lcd.o
    0x08004824   0x08004824   0x000000e4   Code   RO         5884    i.LCD_ShowChar100x50  lcd.o
    0x08004908   0x08004908   0x00000042   Code   RO         5895    i.LCD_ShowString    lcd.o
    0x0800494a   0x0800494a   0x00000012   Code   RO         5896    i.LCD_WR_DATA       lcd.o
    0x0800495c   0x0800495c   0x0000000c   Code   RO         5897    i.LCD_WR_DATA8      lcd.o
    0x08004968   0x08004968   0x00000020   Code   RO         5898    i.LCD_WR_REG        lcd.o
    0x08004988   0x08004988   0x00000060   Code   RO         5899    i.LCD_Writ_Bus      lcd.o
    0x080049e8   0x080049e8   0x000001a0   Code   RO         5346    i.MC_DMA_Serial_Init  mc.o
    0x08004b88   0x08004b88   0x00000004   Code   RO         6133    i.MemManage_Handler  stm32f4xx_it.o
    0x08004b8c   0x08004b8c   0x00000002   Code   RO         6134    i.NMI_Handler       stm32f4xx_it.o
    0x08004b8e   0x08004b8e   0x00000002   PAD
    0x08004b90   0x08004b90   0x00000078   Code   RO           13    i.NVIC_Init         misc.o
    0x08004c08   0x08004c08   0x00000014   Code   RO           14    i.NVIC_PriorityGroupConfig  misc.o
    0x08004c1c   0x08004c1c   0x00000ab0   Code   RO         5697    i.PID_State_Function  control.o
    0x080056cc   0x080056cc   0x000000c4   Code   RO         5454    i.PID_angle         pid.o
    0x08005790   0x08005790   0x000000bc   Code   RO         5456    i.PID_vision1       pid.o
    0x0800584c   0x0800584c   0x000000bc   Code   RO         5457    i.PID_vision2       pid.o
    0x08005908   0x08005908   0x0000009a   Code   RO         5494    i.ParseTwoNumbers   saom.o
    0x080059a2   0x080059a2   0x00000002   Code   RO         6135    i.PendSV_Handler    stm32f4xx_it.o
    0x080059a4   0x080059a4   0x000000d8   Code   RO         5495    i.ProcessReceivedExpression  saom.o
    0x08005a7c   0x08005a7c   0x00000020   Code   RO         2919    i.RCC_AHB1PeriphClockCmd  stm32f4xx_rcc.o
    0x08005a9c   0x08005a9c   0x00000020   Code   RO         2928    i.RCC_APB1PeriphClockCmd  stm32f4xx_rcc.o
    0x08005abc   0x08005abc   0x00000020   Code   RO         2931    i.RCC_APB2PeriphClockCmd  stm32f4xx_rcc.o
    0x08005adc   0x08005adc   0x000000e8   Code   RO         2940    i.RCC_GetClocksFreq  stm32f4xx_rcc.o
    0x08005bc4   0x08005bc4   0x00000002   Code   RO         6136    i.SVC_Handler       stm32f4xx_it.o
    0x08005bc6   0x08005bc6   0x00000002   PAD
    0x08005bc8   0x08005bc8   0x0000016c   Code   RO         5497    i.SaoM_Dma_Serial_Init  saom.o
    0x08005d34   0x08005d34   0x0000003c   Code   RO         5498    i.Scan_Function     saom.o
    0x08005d70   0x08005d70   0x00000114   Code   RO         5698    i.Scan_Qr_State_Function  control.o
    0x08005e84   0x08005e84   0x0000005c   Code   RO         5347    i.Serial_SendHex_DMA  mc.o
    0x08005ee0   0x08005ee0   0x000000b0   Code   RO         5790    i.Servo_CH1_Init    servo.o
    0x08005f90   0x08005f90   0x000000b0   Code   RO         5791    i.Servo_CH2_Init    servo.o
    0x08006040   0x08006040   0x000000ac   Code   RO         5792    i.Servo_CH3_Init    servo.o
    0x080060ec   0x080060ec   0x00000044   Code   RO         5793    i.Servo_SetAngle_CH1  servo.o
    0x08006130   0x08006130   0x00000044   Code   RO         5794    i.Servo_SetAngle_CH2  servo.o
    0x08006174   0x08006174   0x00000048   Code   RO         5795    i.Servo_SetAngle_CH3  servo.o
    0x080061bc   0x080061bc   0x00000028   Code   RO         5796    i.Servo_SmoothSetAngle_CH1  servo.o
    0x080061e4   0x080061e4   0x00000028   Code   RO         5797    i.Servo_SmoothSetAngle_CH2  servo.o
    0x0800620c   0x0800620c   0x00000028   Code   RO         5798    i.Servo_SmoothSetAngle_CH3  servo.o
    0x08006234   0x08006234   0x000001e8   Code   RO         5799    i.Servo_SmoothUpdate  servo.o
    0x0800641c   0x0800641c   0x000000ec   Code   RO         6199    i.SetSysClock       system_stm32f4xx.o
    0x08006508   0x08006508   0x00000028   Code   RO           17    i.SysTick_CLKSourceConfig  misc.o
    0x08006530   0x08006530   0x00000038   Code   RO         5629    i.SysTick_Handler   task_start.o
    0x08006568   0x08006568   0x0000003e   Code   RO         5630    i.SysTick_Init      task_start.o
    0x080065a6   0x080065a6   0x00000002   PAD
    0x080065a8   0x080065a8   0x00000068   Code   RO         6201    i.SystemInit        system_stm32f4xx.o
    0x08006610   0x08006610   0x00000006   Code   RO         4309    i.TIM_ClearFlag     stm32f4xx_tim.o
    0x08006616   0x08006616   0x00000018   Code   RO         4315    i.TIM_Cmd           stm32f4xx_tim.o
    0x0800662e   0x0800662e   0x0000000c   Code   RO         4342    i.TIM_InternalClockConfig  stm32f4xx_tim.o
    0x0800663a   0x0800663a   0x00000002   PAD
    0x0800663c   0x0800663c   0x0000007c   Code   RO         4344    i.TIM_OC1Init       stm32f4xx_tim.o
    0x080066b8   0x080066b8   0x000000a4   Code   RO         4349    i.TIM_OC2Init       stm32f4xx_tim.o
    0x0800675c   0x0800675c   0x00000014   Code   RO         4362    i.TIM_OCStructInit  stm32f4xx_tim.o
    0x08006770   0x08006770   0x00000004   Code   RO         4377    i.TIM_SetCompare1   stm32f4xx_tim.o
    0x08006774   0x08006774   0x00000004   Code   RO         4378    i.TIM_SetCompare2   stm32f4xx_tim.o
    0x08006778   0x08006778   0x00000084   Code   RO         4387    i.TIM_TimeBaseInit  stm32f4xx_tim.o
    0x080067fc   0x080067fc   0x00000220   Code   RO         5172    i.UART4_IRQHandler  hwt101.o
    0x08006a1c   0x08006a1c   0x00000174   Code   RO         5263    i.USART2_IRQHandler  k230.o
    0x08006b90   0x08006b90   0x00000198   Code   RO         5348    i.USART3_IRQHandler  mc.o
    0x08006d28   0x08006d28   0x0000018c   Code   RO         5499    i.USART6_IRQHandler  saom.o
    0x08006eb4   0x08006eb4   0x00000030   Code   RO         5500    i.USART6_SendByte   saom.o
    0x08006ee4   0x08006ee4   0x0000001a   Code   RO         5501    i.USART6_SendData   saom.o
    0x08006efe   0x08006efe   0x00000018   Code   RO         4869    i.USART_Cmd         stm32f4xx_usart.o
    0x08006f16   0x08006f16   0x00000012   Code   RO         4870    i.USART_DMACmd      stm32f4xx_usart.o
    0x08006f28   0x08006f28   0x0000001a   Code   RO         4872    i.USART_GetFlagStatus  stm32f4xx_usart.o
    0x08006f42   0x08006f42   0x00000054   Code   RO         4873    i.USART_GetITStatus  stm32f4xx_usart.o
    0x08006f96   0x08006f96   0x0000004a   Code   RO         4875    i.USART_ITConfig    stm32f4xx_usart.o
    0x08006fe0   0x08006fe0   0x000000d4   Code   RO         4876    i.USART_Init        stm32f4xx_usart.o
    0x080070b4   0x080070b4   0x0000000a   Code   RO         4883    i.USART_ReceiveData  stm32f4xx_usart.o
    0x080070be   0x080070be   0x00000008   Code   RO         4886    i.USART_SendData    stm32f4xx_usart.o
    0x080070c6   0x080070c6   0x00000004   Code   RO         6137    i.UsageFault_Handler  stm32f4xx_it.o
    0x080070ca   0x080070ca   0x00000002   PAD
    0x080070cc   0x080070cc   0x00000024   Code   RO         5349    i.ZDT_DJ_TongBu_Control  mc.o
    0x080070f0   0x080070f0   0x00000054   Code   RO         5353    i.ZDT_JueDui_Position_Control  mc.o
    0x08007144   0x08007144   0x00000038   Code   RO         5357    i.ZDT_Speed_Control  mc.o
    0x0800717c   0x0800717c   0x00000026   Code   RO         6430    i.__ARM_fpclassifyf  m_wm.l(fpclassifyf.o)
    0x080071a2   0x080071a2   0x00000002   PAD
    0x080071a4   0x080071a4   0x00000150   Code   RO         6310    i.__hardfp_cosf     m_wm.l(cosf.o)
    0x080072f4   0x080072f4   0x00000190   Code   RO         6322    i.__hardfp_sinf     m_wm.l(sinf.o)
    0x08007484   0x08007484   0x00000006   Code   RO         6433    i.__mathlib_flt_infnan  m_wm.l(funder.o)
    0x0800748a   0x0800748a   0x00000002   PAD
    0x0800748c   0x0800748c   0x00000010   Code   RO         6435    i.__mathlib_flt_invalid  m_wm.l(funder.o)
    0x0800749c   0x0800749c   0x00000010   Code   RO         6438    i.__mathlib_flt_underflow  m_wm.l(funder.o)
    0x080074ac   0x080074ac   0x00000154   Code   RO         6446    i.__mathlib_rredf2  m_wm.l(rredf.o)
    0x08007600   0x08007600   0x0000000e   Code   RO         6261    i._is_digit         c_w.l(__printf_wp.o)
    0x0800760e   0x0800760e   0x00000002   PAD
    0x08007610   0x08007610   0x00000044   Code   RO         5173    i.calculate_shortest_path_error  hwt101.o
    0x08007654   0x08007654   0x00000044   Code   RO         5126    i.count_TIM4_Init   delay.o
    0x08007698   0x08007698   0x00000034   Code   RO         5631    i.initMultiTask     task_start.o
    0x080076cc   0x080076cc   0x00000010   Code   RO         5578    i.initTaskList      task.o
    0x080076dc   0x080076dc   0x00000050   Code   RO         6058    i.main              main.o
    0x0800772c   0x0800772c   0x00000720   Code   RO         5699    i.put1_State_Function  control.o
    0x08007e4c   0x08007e4c   0x0000073c   Code   RO         5700    i.put2_State_Function  control.o
    0x08008588   0x08008588   0x00000004   Code   RO         5579    i.taskGroupNum      task.o
    0x0800858c   0x0800858c   0x00000078   Code   RO         5632    i.task_exec         task_start.o
    0x08008604   0x08008604   0x00000068   Code   RO         5633    i.timeSlice         task_start.o
    0x0800866c   0x0800866c   0x0000002c   Code   RO         6521    locale$$code        c_w.l(lc_ctype_c.o)
    0x08008698   0x08008698   0x00000062   Code   RO         6288    x$fpl$d2f           fz_wm.l(d2f.o)
    0x080086fa   0x080086fa   0x00000002   PAD
    0x080086fc   0x080086fc   0x00000150   Code   RO         6290    x$fpl$dadd          fz_wm.l(daddsub_clz.o)
    0x0800884c   0x0800884c   0x00000018   Code   RO         6413    x$fpl$dcmpinf       fz_wm.l(dcmpi.o)
    0x08008864   0x08008864   0x00000078   Code   RO         6296    x$fpl$deqf          fz_wm.l(deqf.o)
    0x080088dc   0x080088dc   0x0000005a   Code   RO         6298    x$fpl$dfixu         fz_wm.l(dfixu.o)
    0x08008936   0x08008936   0x0000002e   Code   RO         6303    x$fpl$dflt          fz_wm.l(dflt_clz.o)
    0x08008964   0x08008964   0x00000154   Code   RO         6308    x$fpl$dmul          fz_wm.l(dmul.o)
    0x08008ab8   0x08008ab8   0x0000009c   Code   RO         6415    x$fpl$dnaninf       fz_wm.l(dnaninf.o)
    0x08008b54   0x08008b54   0x0000000c   Code   RO         6417    x$fpl$dretinf       fz_wm.l(dretinf.o)
    0x08008b60   0x08008b60   0x000001d4   Code   RO         6292    x$fpl$dsub          fz_wm.l(daddsub_clz.o)
    0x08008d34   0x08008d34   0x0000000a   Code   RO         6596    x$fpl$fpinit        fz_wm.l(fpinit.o)
    0x08008d3e   0x08008d3e   0x0000000a   Code   RO         6419    x$fpl$fretinf       fz_wm.l(fretinf.o)
    0x08008d48   0x08008d48   0x00000000   Code   RO         6429    x$fpl$usenofp       fz_wm.l(usenofp.o)
    0x08008d48   0x08008d48   0x00000009   Data   RO         5504    .constdata          saom.o
    0x08008d51   0x08008d51   0x00000003   PAD
    0x08008d54   0x08008d54   0x00000040   Data   RO         5580    .constdata          task.o
    0x08008d94   0x08008d94   0x00000264   Data   RO         5701    .constdata          control.o
    0x08008ff8   0x08008ff8   0x000082fa   Data   RO         5901    .constdata          lcd.o
    0x080112f2   0x080112f2   0x00000011   Data   RO         6269    .constdata          c_w.l(__printf_flags_ss_wp.o)
    0x08011303   0x08011303   0x00000001   PAD
    0x08011304   0x08011304   0x00000020   Data   RO         6447    .constdata          m_wm.l(rredf.o)
    0x08011324   0x08011324   0x00000020   Data   RO         6666    Region$$Table       anon$$obj.o
    0x08011344   0x08011344   0x00000110   Data   RO         6520    locale$$data        c_w.l(lc_ctype_c.o)


    Execution Region RW_IRAM1 (Exec base: 0x20000000, Load base: 0x08011454, Size: 0x00000a60, Max: 0x00020000, ABSOLUTE, COMPRESSED[0x00000010])

    Exec Addr    Load Addr    Size         Type   Attr      Idx    E Section Name        Object

    0x20000000   COMPRESSED   0x00000010   Data   RW         2972    .data               stm32f4xx_rcc.o
    0x20000010   COMPRESSED   0x0000001c   Data   RW         5176    .data               hwt101.o
    0x2000002c   COMPRESSED   0x00000044   Data   RW         5265    .data               k230.o
    0x20000070   COMPRESSED   0x00000064   Data   RW         5359    .data               mc.o
    0x200000d4   COMPRESSED   0x00000029   Data   RW         5505    .data               saom.o
    0x200000fd   COMPRESSED   0x00000001   Data   RW         5635    .data               task_start.o
    0x200000fe   COMPRESSED   0x00000002   PAD
    0x20000100   COMPRESSED   0x00000051   Data   RW         5702    .data               control.o
    0x20000151   COMPRESSED   0x00000003   PAD
    0x20000154        -       0x00000094   Zero   RW         5175    .bss                hwt101.o
    0x200001e8        -       0x00000090   Zero   RW         5264    .bss                k230.o
    0x20000278        -       0x000000d0   Zero   RW         5358    .bss                mc.o
    0x20000348        -       0x00000060   Zero   RW         5503    .bss                saom.o
    0x200003a8        -       0x00000018   Zero   RW         5634    .bss                task_start.o
    0x200003c0        -       0x0000003c   Zero   RW         5800    .bss                servo.o
    0x200003fc        -       0x00000060   Zero   RW         6450    .bss                c_w.l(libspace.o)
    0x2000045c   COMPRESSED   0x00000004   PAD
    0x20000460        -       0x00000200   Zero   RW            2    HEAP                startup_stm32f40_41xxx.o
    0x20000660        -       0x00000400   Zero   RW            1    STACK               startup_stm32f40_41xxx.o


==============================================================================

Image component sizes


      Code (inc. data)   RO Data    RW Data    ZI Data      Debug   Object Name

     15872        926        612         81          0      20646   control.o
       140         10          0          0          0       1720   delay.o
       948         92          0         28        148       4415   hwt101.o
      2460        212          0         68        144       7143   k230.o
      1632         50      33530          0          0      10811   lcd.o
        80          0          0          0          0        559   main.o
      3300        272          0        100        208      16507   mc.o
       180         24          0          0          0     306653   misc.o
       572         26          0          0          0       2656   pid.o
      1264        136          9         41         96       6522   saom.o
      1340        112          0          0         60       7323   servo.o
        64         26        392          0       1536        896   startup_stm32f40_41xxx.o
       586         54          0          0          0       6344   stm32f4xx_dma.o
       224          0          0          0          0       3391   stm32f4xx_gpio.o
        24          0          0          0          0       3820   stm32f4xx_it.o
       328         36          0         16          0       5223   stm32f4xx_rcc.o
       490         48          0          0          0       6882   stm32f4xx_tim.o
       456          8          0          0          0       6884   stm32f4xx_usart.o
       340         32          0          0          0       1693   system_stm32f4xx.o
        20          8         64          0          0       2505   task.o
       394         22          0          1         24       3941   task_start.o

    ----------------------------------------------------------------------
     30730       2094      34642        340       2216     426534   Object Totals
         0          0         32          0          0          0   (incl. Generated)
        16          0          3          5          0          0   (incl. Padding)

    ----------------------------------------------------------------------

      Code (inc. data)   RO Data    RW Data    ZI Data      Debug   Library Member Name

        44          6          0          0          0         84   __2sprintf.o
        90          0          0          0          0          0   __dczerorl2.o
         8          0          0          0          0         68   __main.o
       392          4         17          0          0         92   __printf_flags_ss_wp.o
        14          0          0          0          0         68   __printf_wp.o
         0          0          0          0          0          0   __rtentry.o
        12          0          0          0          0          0   __rtentry2.o
         6          0          0          0          0          0   __rtentry4.o
        52          8          0          0          0          0   __scatter.o
        28          0          0          0          0          0   __scatter_zi.o
        28          0          0          0          0         68   _chval.o
        44          0          0          0          0        108   _printf_char.o
        48          6          0          0          0         96   _printf_char_common.o
         6          0          0          0          0          0   _printf_d.o
       120         16          0          0          0         92   _printf_dec.o
       178          0          0          0          0         88   _printf_intcommon.o
         0          0          0          0          0          0   _printf_percent.o
         4          0          0          0          0          0   _printf_percent_end.o
         6          0          0          0          0          0   _printf_s.o
        82          0          0          0          0         80   _printf_str.o
        22          0          0          0          0        100   _rserrno.o
        10          0          0          0          0         68   _sputc.o
       158          0          0          0          0         92   _strtoul.o
        26          0          0          0          0         80   atoi.o
        18          0          0          0          0         80   exit.o
         6          0          0          0          0        152   heapauxi.o
         0          0          0          0          0          0   indicate_semi.o
        44         10        272          0          0         76   lc_ctype_c.o
         2          0          0          0          0          0   libinit.o
        24          0          0          0          0          0   libinit2.o
         2          0          0          0          0          0   libshutdown.o
         2          0          0          0          0          0   libshutdown2.o
         8          4          0          0         96         68   libspace.o
        16          4          0          0          0         76   rt_ctype_table.o
         8          4          0          0          0         68   rt_errno_addr_intlibspace.o
         8          4          0          0          0         68   rt_locale_intlibspace.o
        68          0          0          0          0         68   rt_memclr.o
        78          0          0          0          0         80   rt_memclr_w.o
         2          0          0          0          0          0   rtexit.o
        10          0          0          0          0          0   rtexit2.o
        20          0          0          0          0         68   strchr.o
       128          0          0          0          0         68   strcmpv7m.o
        62          0          0          0          0         76   strlen.o
        86          0          0          0          0         76   strncpy.o
       112          0          0          0          0         88   strtol.o
        12          4          0          0          0         68   sys_exit.o
        74          0          0          0          0         80   sys_stackheap_outer.o
         2          0          0          0          0         68   use_no_semi.o
        98          4          0          0          0        140   d2f.o
       804         16          0          0          0        368   daddsub_clz.o
        24          0          0          0          0        116   dcmpi.o
       120          4          0          0          0        140   deqf.o
        90          4          0          0          0        140   dfixu.o
        46          0          0          0          0        116   dflt_clz.o
       340         12          0          0          0        152   dmul.o
       156          4          0          0          0        140   dnaninf.o
        12          0          0          0          0        116   dretinf.o
        10          0          0          0          0        116   fpinit.o
        10          0          0          0          0        116   fretinf.o
         0          0          0          0          0          0   usenofp.o
       336         56          0          0          0        136   cosf.o
        38          0          0          0          0        116   fpclassifyf.o
        38         12          0          0          0        348   funder.o
       340         24         32          0          0        160   rredf.o
       400         56          0          0          0        212   sinf.o

    ----------------------------------------------------------------------
      5046        262        322          0        100       5144   Library Totals
        14          0          1          0          4          0   (incl. Padding)

    ----------------------------------------------------------------------

      Code (inc. data)   RO Data    RW Data    ZI Data      Debug   Library Name

      2170         70        289          0         96       2512   c_w.l
      1710         44          0          0          0       1660   fz_wm.l
      1152        148         32          0          0        972   m_wm.l

    ----------------------------------------------------------------------
      5046        262        322          0        100       5144   Library Totals

    ----------------------------------------------------------------------

==============================================================================


      Code (inc. data)   RO Data    RW Data    ZI Data      Debug   

     35776       2356      34964        340       2316     417974   Grand Totals
     35776       2356      34964         16       2316     417974   ELF Image Totals (compressed)
     35776       2356      34964         16          0          0   ROM Totals

==============================================================================

    Total RO  Size (Code + RO Data)                70740 (  69.08kB)
    Total RW  Size (RW Data + ZI Data)              2656 (   2.59kB)
    Total ROM Size (Code + RO Data + RW Data)      70756 (  69.10kB)

==============================================================================

